Archive member included to satisfy reference by file (symbol)

C:/ST/STM32CubeIDE_1.19.0/STM32CubeIDE/plugins/com.st.stm32cube.ide.mcu.externaltools.gnu-tools-for-stm32.13.3.rel1.win32_1.0.0.202411081344/tools/bin/../lib/gcc/arm-none-eabi/13.3.1/../../../../arm-none-eabi/lib/thumb/v7e-m+fp/hard\libc_nano.a(libc_a-atoi.o)
                              ./Core/Src/freertos.o (atoi)
C:/ST/STM32CubeIDE_1.19.0/STM32CubeIDE/plugins/com.st.stm32cube.ide.mcu.externaltools.gnu-tools-for-stm32.13.3.rel1.win32_1.0.0.202411081344/tools/bin/../lib/gcc/arm-none-eabi/13.3.1/../../../../arm-none-eabi/lib/thumb/v7e-m+fp/hard\libc_nano.a(libc_a-exit.o)
                              C:/ST/STM32CubeIDE_1.19.0/STM32CubeIDE/plugins/com.st.stm32cube.ide.mcu.externaltools.gnu-tools-for-stm32.13.3.rel1.win32_1.0.0.202411081344/tools/bin/../lib/gcc/arm-none-eabi/13.3.1/../../../../arm-none-eabi/lib/thumb/v7e-m+fp/hard/crt0.o (exit)
C:/ST/STM32CubeIDE_1.19.0/STM32CubeIDE/plugins/com.st.stm32cube.ide.mcu.externaltools.gnu-tools-for-stm32.13.3.rel1.win32_1.0.0.202411081344/tools/bin/../lib/gcc/arm-none-eabi/13.3.1/../../../../arm-none-eabi/lib/thumb/v7e-m+fp/hard\libc_nano.a(libc_a-strtol.o)
                              C:/ST/STM32CubeIDE_1.19.0/STM32CubeIDE/plugins/com.st.stm32cube.ide.mcu.externaltools.gnu-tools-for-stm32.13.3.rel1.win32_1.0.0.202411081344/tools/bin/../lib/gcc/arm-none-eabi/13.3.1/../../../../arm-none-eabi/lib/thumb/v7e-m+fp/hard\libc_nano.a(libc_a-atoi.o) (_strtol_r)
C:/ST/STM32CubeIDE_1.19.0/STM32CubeIDE/plugins/com.st.stm32cube.ide.mcu.externaltools.gnu-tools-for-stm32.13.3.rel1.win32_1.0.0.202411081344/tools/bin/../lib/gcc/arm-none-eabi/13.3.1/../../../../arm-none-eabi/lib/thumb/v7e-m+fp/hard\libc_nano.a(libc_a-ctype_.o)
                              C:/ST/STM32CubeIDE_1.19.0/STM32CubeIDE/plugins/com.st.stm32cube.ide.mcu.externaltools.gnu-tools-for-stm32.13.3.rel1.win32_1.0.0.202411081344/tools/bin/../lib/gcc/arm-none-eabi/13.3.1/../../../../arm-none-eabi/lib/thumb/v7e-m+fp/hard\libc_nano.a(libc_a-strtol.o) (_ctype_)
C:/ST/STM32CubeIDE_1.19.0/STM32CubeIDE/plugins/com.st.stm32cube.ide.mcu.externaltools.gnu-tools-for-stm32.13.3.rel1.win32_1.0.0.202411081344/tools/bin/../lib/gcc/arm-none-eabi/13.3.1/../../../../arm-none-eabi/lib/thumb/v7e-m+fp/hard\libc_nano.a(libc_a-findfp.o)
                              ./Middlewares/Third_Party/FreeRTOS/Source/tasks.o (__sf)
C:/ST/STM32CubeIDE_1.19.0/STM32CubeIDE/plugins/com.st.stm32cube.ide.mcu.externaltools.gnu-tools-for-stm32.13.3.rel1.win32_1.0.0.202411081344/tools/bin/../lib/gcc/arm-none-eabi/13.3.1/../../../../arm-none-eabi/lib/thumb/v7e-m+fp/hard\libc_nano.a(libc_a-fwalk.o)
                              C:/ST/STM32CubeIDE_1.19.0/STM32CubeIDE/plugins/com.st.stm32cube.ide.mcu.externaltools.gnu-tools-for-stm32.13.3.rel1.win32_1.0.0.202411081344/tools/bin/../lib/gcc/arm-none-eabi/13.3.1/../../../../arm-none-eabi/lib/thumb/v7e-m+fp/hard\libc_nano.a(libc_a-findfp.o) (_fwalk_sglue)
C:/ST/STM32CubeIDE_1.19.0/STM32CubeIDE/plugins/com.st.stm32cube.ide.mcu.externaltools.gnu-tools-for-stm32.13.3.rel1.win32_1.0.0.202411081344/tools/bin/../lib/gcc/arm-none-eabi/13.3.1/../../../../arm-none-eabi/lib/thumb/v7e-m+fp/hard\libc_nano.a(libc_a-printf.o)
                              ./Core/Src/main.o (printf)
C:/ST/STM32CubeIDE_1.19.0/STM32CubeIDE/plugins/com.st.stm32cube.ide.mcu.externaltools.gnu-tools-for-stm32.13.3.rel1.win32_1.0.0.202411081344/tools/bin/../lib/gcc/arm-none-eabi/13.3.1/../../../../arm-none-eabi/lib/thumb/v7e-m+fp/hard\libc_nano.a(libc_a-snprintf.o)
                              ./Core/Src/freertos.o (snprintf)
C:/ST/STM32CubeIDE_1.19.0/STM32CubeIDE/plugins/com.st.stm32cube.ide.mcu.externaltools.gnu-tools-for-stm32.13.3.rel1.win32_1.0.0.202411081344/tools/bin/../lib/gcc/arm-none-eabi/13.3.1/../../../../arm-none-eabi/lib/thumb/v7e-m+fp/hard\libc_nano.a(libc_a-stdio.o)
                              C:/ST/STM32CubeIDE_1.19.0/STM32CubeIDE/plugins/com.st.stm32cube.ide.mcu.externaltools.gnu-tools-for-stm32.13.3.rel1.win32_1.0.0.202411081344/tools/bin/../lib/gcc/arm-none-eabi/13.3.1/../../../../arm-none-eabi/lib/thumb/v7e-m+fp/hard\libc_nano.a(libc_a-findfp.o) (__sread)
C:/ST/STM32CubeIDE_1.19.0/STM32CubeIDE/plugins/com.st.stm32cube.ide.mcu.externaltools.gnu-tools-for-stm32.13.3.rel1.win32_1.0.0.202411081344/tools/bin/../lib/gcc/arm-none-eabi/13.3.1/../../../../arm-none-eabi/lib/thumb/v7e-m+fp/hard\libc_nano.a(libc_a-memset.o)
                              C:/ST/STM32CubeIDE_1.19.0/STM32CubeIDE/plugins/com.st.stm32cube.ide.mcu.externaltools.gnu-tools-for-stm32.13.3.rel1.win32_1.0.0.202411081344/tools/bin/../lib/gcc/arm-none-eabi/13.3.1/../../../../arm-none-eabi/lib/thumb/v7e-m+fp/hard/crt0.o (memset)
C:/ST/STM32CubeIDE_1.19.0/STM32CubeIDE/plugins/com.st.stm32cube.ide.mcu.externaltools.gnu-tools-for-stm32.13.3.rel1.win32_1.0.0.202411081344/tools/bin/../lib/gcc/arm-none-eabi/13.3.1/../../../../arm-none-eabi/lib/thumb/v7e-m+fp/hard\libc_nano.a(libc_a-closer.o)
[...]
Memory Configuration

Name             Origin             Length             Attributes
RAM              0x20000000         0x00018000         xrw
RAM2             0x10000000         0x00008000         xrw
FLASH            0x08000000         0x00100000         xr
*default*        0x00000000         0xffffffff

Linker script and memory map

LOAD C:/ST/STM32CubeIDE_1.19.0/STM32CubeIDE/plugins/com.st.stm32cube.ide.mcu.externaltools.gnu-tools-for-stm32.13.3.rel1.win32_1.0.0.202411081344/tools/bin/../lib/gcc/arm-none-eabi/13.3.1/thumb/v7e-m+fp/hard/crti.o
LOAD C:/ST/STM32CubeIDE_1.19.0/STM32CubeIDE/plugins/com.st.stm32cube.ide.mcu.externaltools.gnu-tools-for-stm32.13.3.rel1.win32_1.0.0.202411081344/tools/bin/../lib/gcc/arm-none-eabi/13.3.1/thumb/v7e-m+fp/hard/crtbegin.o
LOAD C:/ST/STM32CubeIDE_1.19.0/STM32CubeIDE/plugins/com.st.stm32cube.ide.mcu.externaltools.gnu-tools-for-stm32.13.3.rel1.win32_1.0.0.202411081344/tools/bin/../lib/gcc/arm-none-eabi/13.3.1/../../../../arm-none-eabi/lib/thumb/v7e-m+fp/hard/crt0.o
LOAD ./Core/Src/MCP23S17.o
LOAD ./Core/Src/dma.o
LOAD ./Core/Src/freertos.o
LOAD ./Core/Src/gpio.o
LOAD ./Core/Src/i2c.o
LOAD ./Core/Src/main.o
LOAD ./Core/Src/sai.o
LOAD ./Core/Src/sgtl5000.o
LOAD ./Core/Src/shell.o
LOAD ./Core/Src/spi.o
LOAD ./Core/Src/stm32l4xx_hal_msp.o
LOAD ./Core/Src/stm32l4xx_hal_timebase_tim.o
LOAD ./Core/Src/stm32l4xx_it.o
LOAD ./Core/Src/syscalls.o
LOAD ./Core/Src/sysmem.o
LOAD ./Core/Src/system_stm32l4xx.o
LOAD ./Core/Src/usart.o
LOAD ./Core/Startup/startup_stm32l476rgtx.o
LOAD ./Drivers/STM32L4xx_HAL_Driver/Src/stm32l4xx_hal.o
LOAD ./Drivers/STM32L4xx_HAL_Driver/Src/stm32l4xx_hal_cortex.o
LOAD ./Drivers/STM32L4xx_HAL_Driver/Src/stm32l4xx_hal_dma.o
LOAD ./Drivers/STM32L4xx_HAL_Driver/Src/stm32l4xx_hal_dma_ex.o
LOAD ./Drivers/STM32L4xx_HAL_Driver/Src/stm32l4xx_hal_exti.o
LOAD ./Drivers/STM32L4xx_HAL_Driver/Src/stm32l4xx_hal_flash.o
LOAD ./Drivers/STM32L4xx_HAL_Driver/Src/stm32l4xx_hal_flash_ex.o
LOAD ./Drivers/STM32L4xx_HAL_Driver/Src/stm32l4xx_hal_flash_ramfunc.o
LOAD ./Drivers/STM32L4xx_HAL_Driver/Src/stm32l4xx_hal_gpio.o
LOAD ./Drivers/STM32L4xx_HAL_Driver/Src/stm32l4xx_hal_i2c.o
LOAD ./Drivers/STM32L4xx_HAL_Driver/Src/stm32l4xx_hal_i2c_ex.o
LOAD ./Drivers/STM32L4xx_HAL_Driver/Src/stm32l4xx_hal_pwr.o
LOAD ./Drivers/STM32L4xx_HAL_Driver/Src/stm32l4xx_hal_pwr_ex.o
LOAD ./Drivers/STM32L4xx_HAL_Driver/Src/stm32l4xx_hal_rcc.o
LOAD ./Drivers/STM32L4xx_HAL_Driver/Src/stm32l4xx_hal_rcc_ex.o
LOAD ./Drivers/STM32L4xx_HAL_Driver/Src/stm32l4xx_hal_sai.o
LOAD ./Drivers/STM32L4xx_HAL_Driver/Src/stm32l4xx_hal_sai_ex.o
LOAD ./Drivers/STM32L4xx_HAL_Driver/Src/stm32l4xx_hal_spi.o
LOAD ./Drivers/STM32L4xx_HAL_Driver/Src/stm32l4xx_hal_spi_ex.o
LOAD ./Drivers/STM32L4xx_HAL_Driver/Src/stm32l4xx_hal_tim.o
LOAD ./Drivers/STM32L4xx_HAL_Driver/Src/stm32l4xx_hal_tim_ex.o
LOAD ./Drivers/STM32L4xx_HAL_Driver/Src/stm32l4xx_hal_uart.o
LOAD ./Drivers/STM32L4xx_HAL_Driver/Src/stm32l4xx_hal_uart_ex.o
LOAD ./Middlewares/Third_Party/FreeRTOS/Source/CMSIS_RTOS/cmsis_os.o
LOAD ./Middlewares/Third_Party/FreeRTOS/Source/croutine.o
LOAD ./Middlewares/Third_Party/FreeRTOS/Source/event_groups.o
LOAD ./Middlewares/Third_Party/FreeRTOS/Source/list.o
LOAD ./Middlewares/Third_Party/FreeRTOS/Source/queue.o
LOAD ./Middlewares/Third_Party/FreeRTOS/Source/stream_buffer.o
LOAD ./Middlewares/Third_Party/FreeRTOS/Source/tasks.o
LOAD ./Middlewares/Third_Party/FreeRTOS/Source/timers.o
LOAD ./Middlewares/Third_Party/FreeRTOS/Source/portable/GCC/ARM_CM4F/port.o
LOAD ./Middlewares/Third_Party/FreeRTOS/Source/portable/MemMang/heap_4.o
START GROUP
LOAD C:/ST/STM32CubeIDE_1.19.0/STM32CubeIDE/plugins/com.st.stm32cube.ide.mcu.externaltools.gnu-tools-for-stm32.13.3.rel1.win32_1.0.0.202411081344/tools/bin/../lib/gcc/arm-none-eabi/13.3.1/../../../../arm-none-eabi/lib/thumb/v7e-m+fp/hard\libc_nano.a
LOAD C:/ST/STM32CubeIDE_1.19.0/STM32CubeIDE/plugins/com.st.stm32cube.ide.mcu.externaltools.gnu-tools-for-stm32.13.3.rel1.win32_1.0.0.202411081344/tools/bin/../lib/gcc/arm-none-eabi/13.3.1/../../../../arm-none-eabi/lib/thumb/v7e-m+fp/hard\libm.a
END GROUP
START GROUP
LOAD C:/ST/STM32CubeIDE_1.19.0/STM32CubeIDE/plugins/com.st.stm32cube.ide.mcu.externaltools.gnu-tools-for-stm32.13.3.rel1.win32_1.0.0.202411081344/tools/bin/../lib/gcc/arm-none-eabi/13.3.1/thumb/v7e-m+fp/hard\libgcc.a
LOAD C:/ST/STM32CubeIDE_1.19.0/STM32CubeIDE/plugins/com.st.stm32cube.ide.mcu.externaltools.gnu-tools-for-stm32.13.3.rel1.win32_1.0.0.202411081344/tools/bin/../lib/gcc/arm-none-eabi/13.3.1/../../../../arm-none-eabi/lib/thumb/v7e-m+fp/hard\libc_nano.a
END GROUP
START GROUP
LOAD C:/ST/STM32CubeIDE_1.19.0/STM32CubeIDE/plugins/com.st.stm32cube.ide.mcu.externaltools.gnu-tools-for-stm32.13.3.rel1.win32_1.0.0.202411081344/tools/bin/../lib/gcc/arm-none-eabi/13.3.1/thumb/v7e-m+fp/hard\libgcc.a
LOAD C:/ST/STM32CubeIDE_1.19.0/STM32CubeIDE/plugins/com.st.stm32cube.ide.mcu.externaltools.gnu-tools-for-stm32.13.3.rel1.win32_1.0.0.202411081344/tools/bin/../lib/gcc/arm-none-eabi/13.3.1/../../../../arm-none-eabi/lib/thumb/v7e-m+fp/hard\libc_nano.a
LOAD C:/ST/STM32CubeIDE_1.19.0/STM32CubeIDE/plugins/com.st.stm32cube.ide.mcu.externaltools.gnu-tools-for-stm32.13.3.rel1.win32_1.0.0.202411081344/tools/bin/../lib/gcc/arm-none-eabi/13.3.1/../../../../arm-none-eabi/lib/thumb/v7e-m+fp/hard\libnosys.a
END GROUP
START GROUP
LOAD C:/ST/STM32CubeIDE_1.19.0/STM32CubeIDE/plugins/com.st.stm32cube.ide.mcu.externaltools.gnu-tools-for-stm32.13.3.rel1.win32_1.0.0.202411081344/tools/bin/../lib/gcc/arm-none-eabi/13.3.1/thumb/v7e-m+fp/hard\libgcc.a
LOAD C:/ST/STM32CubeIDE_1.19.0/STM32CubeIDE/plugins/com.st.stm32cube.ide.mcu.externaltools.gnu-tools-for-stm32.13.3.rel1.win32_1.0.0.202411081344/tools/bin/../lib/gcc/arm-none-eabi/13.3.1/../../../../arm-none-eabi/lib/thumb/v7e-m+fp/hard\libc_nano.a
LOAD C:/ST/STM32CubeIDE_1.19.0/STM32CubeIDE/plugins/com.st.stm32cube.ide.mcu.externaltools.gnu-tools-for-stm32.13.3.rel1.win32_1.0.0.202411081344/tools/bin/../lib/gcc/arm-none-eabi/13.3.1/../../../../arm-none-eabi/lib/thumb/v7e-m+fp/hard\libnosys.a
END GROUP
LOAD C:/ST/STM32CubeIDE_1.19.0/STM32CubeIDE/plugins/com.st.stm32cube.ide.mcu.externaltools.gnu-tools-for-stm32.13.3.rel1.win32_1.0.0.202411081344/tools/bin/../lib/gcc/arm-none-eabi/13.3.1/thumb/v7e-m+fp/hard/crtend.o
LOAD C:/ST/STM32CubeIDE_1.19.0/STM32CubeIDE/plugins/com.st.stm32cube.ide.mcu.externaltools.gnu-tools-for-stm32.13.3.rel1.win32_1.0.0.202411081344/tools/bin/../lib/gcc/arm-none-eabi/13.3.1/thumb/v7e-m+fp/hard/crtn.o
                0x20018000                        _estack = (ORIGIN (RAM) + LENGTH (RAM))
                0x00000200                        _Min_Heap_Size = 0x200
                0x00000400                        _Min_Stack_Size = 0x400

.isr_vector     0x08000000      0x188
                0x08000000                        . = ALIGN (0x4)
 *(.isr_vector)
 .isr_vector    0x08000000      0x188 ./Core/Startup/startup_stm32l476rgtx.o
                0x08000000                g_pfnVectors
                0x08000188                        . = ALIGN (0x4)

.text           0x08000190     0xc1d4
                0x08000190                        . = ALIGN (0x4)
 *(.text)
 .text          0x08000190       0x40 C:/ST/STM32CubeIDE_1.19.0/STM32CubeIDE/plugins/com.st.stm32cube.ide.mcu.externaltools.gnu-tools-for-stm32.13.3.rel1.win32_1.0.0.202411081344/tools/bin/../lib/gcc/arm-none-eabi/13.3.1/thumb/v7e-m+fp/hard/crtbegin.o
 .text          0x080001d0       0xa0 C:/ST/STM32CubeIDE_1.19.0/STM32CubeIDE/plugins/com.st.stm32cube.ide.mcu.externaltools.gnu-tools-for-stm32.13.3.rel1.win32_1.0.0.202411081344/tools/bin/../lib/gcc/arm-none-eabi/13.3.1/../../../../arm-none-eabi/lib/thumb/v7e-m+fp/hard\libc_nano.a(libc_a-memchr.o)
                0x080001d0                memchr
 .text          0x08000270      0x21c C:/ST/STM32CubeIDE_1.19.0/STM32CubeIDE/plugins/com.st.stm32cube.ide.mcu.externaltools.gnu-tools-for-stm32.13.3.rel1.win32_1.0.0.202411081344/tools/bin/../lib/gcc/arm-none-eabi/13.3.1/thumb/v7e-m+fp/hard\libgcc.a(_arm_addsubsf3.o)
                0x08000270                __aeabi_frsub
                0x08000278                __subsf3
                0x08000278                __aeabi_fsub
                0x0800027c                __aeabi_fadd
                0x0800027c                __addsf3
                0x080003dc                __aeabi_ui2f
                0x080003dc                __floatunsisf
                0x080003e4                __aeabi_i2f
                0x080003e4                __floatsisf
                0x08000400                __aeabi_ul2f
                0x08000400                __floatundisf
                0x08000410                __aeabi_l2f
                0x08000410                __floatdisf
 .text          0x0800048c       0x30 C:/ST/STM32CubeIDE_1.19.0/STM32CubeIDE/plugins/com.st.stm32cube.ide.mcu.externaltools.gnu-tools-for-stm32.13.3.rel1.win32_1.0.0.202411081344/tools/bin/../lib/gcc/arm-none-eabi/13.3.1/thumb/v7e-m+fp/hard\libgcc.a(_aeabi_uldivmod.o)
                0x0800048c                __aeabi_uldivmod
 .text          0x080004bc      0x2f8 C:/ST/STM32CubeIDE_1.19.0/STM32CubeIDE/plugins/com.st.stm32cube.ide.mcu.externaltools.gnu-tools-for-stm32.13.3.rel1.win32_1.0.0.202411081344/tools/bin/../lib/gcc/arm-none-eabi/13.3.1/thumb/v7e-m+fp/hard\libgcc.a(_udivmoddi4.o)
                0x080004bc                __udivmoddi4
 .text          0x080007b4        0x4 C:/ST/STM32CubeIDE_1.19.0/STM32CubeIDE/plugins/com.st.stm32cube.ide.mcu.externaltools.gnu-tools-for-stm32.13.3.rel1.win32_1.0.0.202411081344/tools/bin/../lib/gcc/arm-none-eabi/13.3.1/thumb/v7e-m+fp/hard\libgcc.a(_dvmd_tls.o)
                0x080007b4                __aeabi_idiv0
                0x080007b4                __aeabi_ldiv0
 *(.text*)
 .text.MCP23S17_WriteRegister
                0x080007b8       0x50 ./Core/Src/MCP23S17.o
                0x080007b8                MCP23S17_WriteRegister
 .text.MCP23S17_ReadRegister
                0x08000808       0x54 ./Core/Src/MCP23S17.o
                0x08000808                MCP23S17_ReadRegister
 .text.MCP23S17_SetPin
                0x0800085c       0x84 ./Core/Src/MCP23S17.o
                0x0800085c                MCP23S17_SetPin
 .text.MCP23S17_Init
                0x080008e0       0x78 ./Core/Src/MCP23S17.o
                0x080008e0                MCP23S17_Init
 .text.MX_DMA_Init
                0x08000958       0x4c ./Core/Src/dma.o
                0x08000958                MX_DMA_Init
 .text.fonction
                0x080009a4       0x40 ./Core/Src/freertos.o
                0x080009a4                fonction
 .text.fonction_led
                0x080009e4      0x114 ./Core/Src/freertos.o
                0x080009e4                fonction_led
 .text.vApplicationGetIdleTaskMemory
                0x08000af8       0x34 ./Core/Src/freertos.o
                0x08000af8                vApplicationGetIdleTaskMemory
 .text.MX_FREERTOS_Init
                0x08000b2c       0xa8 ./Core/Src/freertos.o
                0x08000b2c                MX_FREERTOS_Init
 .text.StartDefaultTask
                0x08000bd4       0x28 ./Core/Src/freertos.o
                0x08000bd4                StartDefaultTask
 .text.StartTask02
                0x08000bfc       0xa0 ./Core/Src/freertos.o
                0x08000bfc                StartTask02
 .text.Startshelltask
                0x08000c9c       0x4c ./Core/Src/freertos.o
                0x08000c9c                Startshelltask
 .text.MX_GPIO_Init
                0x08000ce8       0xf8 ./Core/Src/gpio.o
                0x08000ce8                MX_GPIO_Init
 .text.MX_I2C2_Init
                0x08000de0       0x80 ./Core/Src/i2c.o
                0x08000de0                MX_I2C2_Init
 .text.HAL_I2C_MspInit
                0x08000e60       0xbc ./Core/Src/i2c.o
                0x08000e60                HAL_I2C_MspInit
 .text.__io_putchar
                0x08000f1c       0x24 ./Core/Src/main.o
                0x08000f1c                __io_putchar
 .text.HAL_SAI_RxHalfCpltCallback
                0x08000f40       0x2c ./Core/Src/main.o
                0x08000f40                HAL_SAI_RxHalfCpltCallback
 .text.HAL_SAI_RxCpltCallback
                0x08000f6c       0x2c ./Core/Src/main.o
                0x08000f6c                HAL_SAI_RxCpltCallback
 .text.main     0x08000f98       0x8c ./Core/Src/main.o
                0x08000f98                main
 .text.SystemClock_Config
                0x08001024       0xa2 ./Core/Src/main.o
                0x08001024                SystemClock_Config
 .text.PeriphCommonClock_Config
                0x080010c6       0x54 ./Core/Src/main.o
                0x080010c6                PeriphCommonClock_Config
 *fill*         0x0800111a        0x2 
 .text.HAL_TIM_PeriodElapsedCallback
                0x0800111c       0x24 ./Core/Src/main.o
                0x0800111c                HAL_TIM_PeriodElapsedCallback
 .text.Error_Handler
                0x08001140        0xc ./Core/Src/main.o
                0x08001140                Error_Handler
 .text.MX_SAI2_Init
                0x0800114c       0xc0 ./Core/Src/sai.o
                0x0800114c                MX_SAI2_Init
 .text.HAL_SAI_MspInit
                0x0800120c      0x1ac ./Core/Src/sai.o
                0x0800120c                HAL_SAI_MspInit
 .text.sgtl5000_i2c_read_register
                0x080013b8       0x52 ./Core/Src/sgtl5000.o
                0x080013b8                sgtl5000_i2c_read_register
 .text.sgtl5000_i2c_write_register
                0x0800140a       0x4e ./Core/Src/sgtl5000.o
                0x0800140a                sgtl5000_i2c_write_register
 .text.sgtl5000_i2c_set_bit
                0x08001458       0x50 ./Core/Src/sgtl5000.o
                0x08001458                sgtl5000_i2c_set_bit
 .text.sgtl5000_i2c_clear_bit
                0x080014a8       0x5a ./Core/Src/sgtl5000.o
                0x080014a8                sgtl5000_i2c_clear_bit
 .text.sgtl5000_init
                0x08001502      0x108 ./Core/Src/sgtl5000.o
                0x08001502                sgtl5000_init
 .text.VU_UpdateFromBuffer
                0x0800160a      0x10c ./Core/Src/sgtl5000.o
                0x0800160a                VU_UpdateFromBuffer
 *fill*         0x08001716        0x2 
 .text.sh_help  0x08001718       0x80 ./Core/Src/shell.o
 .text.uart2_transmit
                0x08001798       0x28 ./Core/Src/shell.o
                0x08001798                uart2_transmit
 .text.uart2_receive
                0x080017c0       0x20 ./Core/Src/shell.o
                0x080017c0                uart2_receive
 .text.shell_init
                0x080017e0       0xc8 ./Core/Src/shell.o
                0x080017e0                shell_init
 .text.shell_add
                0x080018a8       0x78 ./Core/Src/shell.o
                0x080018a8                shell_add
 .text.shell_exec
                0x08001920       0xe0 ./Core/Src/shell.o
 .text.shell_run
                0x08001a00      0x124 ./Core/Src/shell.o
                0x08001a00                shell_run
 .text.shell_uart_isr
                0x08001b24       0x58 ./Core/Src/shell.o
                0x08001b24                shell_uart_isr
 .text.MX_SPI3_Init
                0x08001b7c       0x7c ./Core/Src/spi.o
                0x08001b7c                MX_SPI3_Init
 .text.HAL_SPI_MspInit
                0x08001bf8       0xc4 ./Core/Src/spi.o
                0x08001bf8                HAL_SPI_MspInit
 .text.HAL_MspInit
                0x08001cbc       0x50 ./Core/Src/stm32l4xx_hal_msp.o
                0x08001cbc                HAL_MspInit
 .text.HAL_InitTick
                0x08001d0c       0xdc ./Core/Src/stm32l4xx_hal_timebase_tim.o
                0x08001d0c                HAL_InitTick
 .text.NMI_Handler
                0x08001de8        0x8 ./Core/Src/stm32l4xx_it.o
                0x08001de8                NMI_Handler
 .text.HardFault_Handler
                0x08001df0        0x8 ./Core/Src/stm32l4xx_it.o
                0x08001df0                HardFault_Handler
 .text.MemManage_Handler
                0x08001df8        0x8 ./Core/Src/stm32l4xx_it.o
                0x08001df8                MemManage_Handler
 .text.BusFault_Handler
                0x08001e00        0x8 ./Core/Src/stm32l4xx_it.o
                0x08001e00                BusFault_Handler
 .text.UsageFault_Handler
                0x08001e08        0x8 ./Core/Src/stm32l4xx_it.o
                0x08001e08                UsageFault_Handler
 .text.DebugMon_Handler
                0x08001e10        0xe ./Core/Src/stm32l4xx_it.o
                0x08001e10                DebugMon_Handler
 *fill*         0x08001e1e        0x2 
 .text.DMA1_Channel6_IRQHandler
                0x08001e20       0x14 ./Core/Src/stm32l4xx_it.o
                0x08001e20                DMA1_Channel6_IRQHandler
 .text.DMA1_Channel7_IRQHandler
                0x08001e34       0x14 ./Core/Src/stm32l4xx_it.o
                0x08001e34                DMA1_Channel7_IRQHandler
 .text.TIM1_UP_TIM16_IRQHandler
                0x08001e48       0x14 ./Core/Src/stm32l4xx_it.o
                0x08001e48                TIM1_UP_TIM16_IRQHandler
 .text.USART2_IRQHandler
                0x08001e5c       0x14 ./Core/Src/stm32l4xx_it.o
                0x08001e5c                USART2_IRQHandler
 .text._read    0x08001e70       0x3a ./Core/Src/syscalls.o
                0x08001e70                _read
 .text._write   0x08001eaa       0x38 ./Core/Src/syscalls.o
                0x08001eaa                _write
 .text._close   0x08001ee2       0x18 ./Core/Src/syscalls.o
                0x08001ee2                _close
 .text._fstat   0x08001efa       0x20 ./Core/Src/syscalls.o
                0x08001efa                _fstat
 .text._isatty  0x08001f1a       0x16 ./Core/Src/syscalls.o
                0x08001f1a                _isatty
 .text._lseek   0x08001f30       0x1a ./Core/Src/syscalls.o
                0x08001f30                _lseek
 *fill*         0x08001f4a        0x2 
 .text._sbrk    0x08001f4c       0x6c ./Core/Src/sysmem.o
                0x08001f4c                _sbrk
 .text.SystemInit
                0x08001fb8       0x24 ./Core/Src/system_stm32l4xx.o
                0x08001fb8                SystemInit
 .text.MX_USART2_UART_Init
                0x08001fdc       0x60 ./Core/Src/usart.o
                0x08001fdc                MX_USART2_UART_Init
 .text.HAL_UART_MspInit
                0x0800203c       0xc8 ./Core/Src/usart.o
                0x0800203c                HAL_UART_MspInit
 .text.HAL_UART_RxCpltCallback
                0x08002104       0x28 ./Core/Src/usart.o
                0x08002104                HAL_UART_RxCpltCallback
 .text.Reset_Handler
                0x0800212c       0x50 ./Core/Startup/startup_stm32l476rgtx.o
                0x0800212c                Reset_Handler
 .text.Default_Handler
                0x0800217c        0x2 ./Core/Startup/startup_stm32l476rgtx.o
                0x0800217c                RTC_Alarm_IRQHandler
                0x0800217c                EXTI2_IRQHandler
                0x0800217c                TIM8_TRG_COM_IRQHandler
                0x0800217c                TIM8_CC_IRQHandler
                0x0800217c                TIM1_CC_IRQHandler
                0x0800217c                TSC_IRQHandler
                0x0800217c                TAMP_STAMP_IRQHandler
                0x0800217c                EXTI3_IRQHandler
                0x0800217c                LPTIM2_IRQHandler
                0x0800217c                DFSDM1_FLT1_IRQHandler
                0x0800217c                I2C3_ER_IRQHandler
                0x0800217c                DFSDM1_FLT2_IRQHandler
                0x0800217c                EXTI0_IRQHandler
                0x0800217c                I2C2_EV_IRQHandler
                0x0800217c                CAN1_RX0_IRQHandler
                0x0800217c                FPU_IRQHandler
                0x0800217c                ADC1_2_IRQHandler
                0x0800217c                SPI1_IRQHandler
                0x0800217c                TIM6_DAC_IRQHandler
                0x0800217c                TIM8_UP_IRQHandler
                0x0800217c                DMA2_Channel2_IRQHandler
                0x0800217c                DMA1_Channel4_IRQHandler
                0x0800217c                SAI2_IRQHandler
                0x0800217c                DFSDM1_FLT3_IRQHandler
                0x0800217c                USART3_IRQHandler
                0x0800217c                CAN1_RX1_IRQHandler
                0x0800217c                LCD_IRQHandler
                0x0800217c                UART5_IRQHandler
                0x0800217c                ADC3_IRQHandler
                0x0800217c                TIM4_IRQHandler
                0x0800217c                DMA2_Channel1_IRQHandler
                0x0800217c                QUADSPI_IRQHandler
                0x0800217c                I2C1_EV_IRQHandler
                0x0800217c                UART4_IRQHandler
                0x0800217c                DMA2_Channel4_IRQHandler
                0x0800217c                TIM3_IRQHandler
                0x0800217c                RCC_IRQHandler
                0x0800217c                DMA1_Channel1_IRQHandler
                0x0800217c                Default_Handler
                0x0800217c                DMA2_Channel7_IRQHandler
                0x0800217c                EXTI15_10_IRQHandler
                0x0800217c                TIM7_IRQHandler
                0x0800217c                SDMMC1_IRQHandler
                0x0800217c                TIM5_IRQHandler
                0x0800217c                I2C3_EV_IRQHandler
                0x0800217c                EXTI9_5_IRQHandler
                0x0800217c                RTC_WKUP_IRQHandler
                0x0800217c                PVD_PVM_IRQHandler
                0x0800217c                SPI2_IRQHandler
                0x0800217c                CAN1_TX_IRQHandler
                0x0800217c                DMA2_Channel5_IRQHandler
                0x0800217c                DMA1_Channel5_IRQHandler
                0x0800217c                EXTI4_IRQHandler
                0x0800217c                RNG_IRQHandler
                0x0800217c                TIM1_TRG_COM_TIM17_IRQHandler
                0x0800217c                DMA1_Channel3_IRQHandler
                0x0800217c                COMP_IRQHandler
                0x0800217c                WWDG_IRQHandler
                0x0800217c                LPUART1_IRQHandler
                0x0800217c                DMA2_Channel6_IRQHandler
                0x0800217c                TIM2_IRQHandler
                0x0800217c                EXTI1_IRQHandler
                0x0800217c                DFSDM1_FLT0_IRQHandler
                0x0800217c                I2C2_ER_IRQHandler
                0x0800217c                DMA1_Channel2_IRQHandler
                0x0800217c                TIM8_BRK_IRQHandler
                0x0800217c                CAN1_SCE_IRQHandler
                0x0800217c                FLASH_IRQHandler
                0x0800217c                USART1_IRQHandler
                0x0800217c                OTG_FS_IRQHandler
                0x0800217c                SPI3_IRQHandler
                0x0800217c                I2C1_ER_IRQHandler
                0x0800217c                FMC_IRQHandler
                0x0800217c                SWPMI1_IRQHandler
                0x0800217c                LPTIM1_IRQHandler
                0x0800217c                SAI1_IRQHandler
                0x0800217c                DMA2_Channel3_IRQHandler
                0x0800217c                TIM1_BRK_TIM15_IRQHandler
 *fill*         0x0800217e        0x2 
 .text.HAL_Init
                0x08002180       0x40 ./Drivers/STM32L4xx_HAL_Driver/Src/stm32l4xx_hal.o
                0x08002180                HAL_Init
 .text.HAL_IncTick
                0x080021c0       0x28 ./Drivers/STM32L4xx_HAL_Driver/Src/stm32l4xx_hal.o
                0x080021c0                HAL_IncTick
 .text.HAL_GetTick
                0x080021e8       0x18 ./Drivers/STM32L4xx_HAL_Driver/Src/stm32l4xx_hal.o
                0x080021e8                HAL_GetTick
 .text.HAL_Delay
                0x08002200       0x48 ./Drivers/STM32L4xx_HAL_Driver/Src/stm32l4xx_hal.o
                0x08002200                HAL_Delay
 .text.__NVIC_SetPriorityGrouping
                0x08002248       0x48 ./Drivers/STM32L4xx_HAL_Driver/Src/stm32l4xx_hal_cortex.o
 .text.__NVIC_GetPriorityGrouping
                0x08002290       0x1c ./Drivers/STM32L4xx_HAL_Driver/Src/stm32l4xx_hal_cortex.o
 .text.__NVIC_EnableIRQ
                0x080022ac       0x3c ./Drivers/STM32L4xx_HAL_Driver/Src/stm32l4xx_hal_cortex.o
 .text.__NVIC_SetPriority
                0x080022e8       0x54 ./Drivers/STM32L4xx_HAL_Driver/Src/stm32l4xx_hal_cortex.o
 .text.NVIC_EncodePriority
                0x0800233c       0x66 ./Drivers/STM32L4xx_HAL_Driver/Src/stm32l4xx_hal_cortex.o
 .text.HAL_NVIC_SetPriorityGrouping
                0x080023a2       0x16 ./Drivers/STM32L4xx_HAL_Driver/Src/stm32l4xx_hal_cortex.o
                0x080023a2                HAL_NVIC_SetPriorityGrouping
 .text.HAL_NVIC_SetPriority
                0x080023b8       0x38 ./Drivers/STM32L4xx_HAL_Driver/Src/stm32l4xx_hal_cortex.o
                0x080023b8                HAL_NVIC_SetPriority
 .text.HAL_NVIC_EnableIRQ
                0x080023f0       0x1c ./Drivers/STM32L4xx_HAL_Driver/Src/stm32l4xx_hal_cortex.o
                0x080023f0                HAL_NVIC_EnableIRQ
 .text.HAL_DMA_Init
                0x0800240c      0x170 ./Drivers/STM32L4xx_HAL_Driver/Src/stm32l4xx_hal_dma.o
                0x0800240c                HAL_DMA_Init
 .text.HAL_DMA_Start_IT
                0x0800257c       0xc0 ./Drivers/STM32L4xx_HAL_Driver/Src/stm32l4xx_hal_dma.o
                0x0800257c                HAL_DMA_Start_IT
 .text.HAL_DMA_Abort
                0x0800263c       0x7c ./Drivers/STM32L4xx_HAL_Driver/Src/stm32l4xx_hal_dma.o
                0x0800263c                HAL_DMA_Abort
 .text.HAL_DMA_Abort_IT
                0x080026b8       0x82 ./Drivers/STM32L4xx_HAL_Driver/Src/stm32l4xx_hal_dma.o
                0x080026b8                HAL_DMA_Abort_IT
 .text.HAL_DMA_IRQHandler
                0x0800273a      0x15e ./Drivers/STM32L4xx_HAL_Driver/Src/stm32l4xx_hal_dma.o
                0x0800273a                HAL_DMA_IRQHandler
 .text.DMA_SetConfig
                0x08002898       0x60 ./Drivers/STM32L4xx_HAL_Driver/Src/stm32l4xx_hal_dma.o
 .text.HAL_GPIO_Init
                0x080028f8      0x354 ./Drivers/STM32L4xx_HAL_Driver/Src/stm32l4xx_hal_gpio.o
                0x080028f8                HAL_GPIO_Init
 .text.HAL_GPIO_WritePin
                0x08002c4c       0x30 ./Drivers/STM32L4xx_HAL_Driver/Src/stm32l4xx_hal_gpio.o
                0x08002c4c                HAL_GPIO_WritePin
 .text.HAL_GPIO_TogglePin
                0x08002c7c       0x34 ./Drivers/STM32L4xx_HAL_Driver/Src/stm32l4xx_hal_gpio.o
                0x08002c7c                HAL_GPIO_TogglePin
 .text.HAL_I2C_Init
                0x08002cb0      0x136 ./Drivers/STM32L4xx_HAL_Driver/Src/stm32l4xx_hal_i2c.o
                0x08002cb0                HAL_I2C_Init
 *fill*         0x08002de6        0x2 
 .text.HAL_I2C_Mem_Write
                0x08002de8      0x228 ./Drivers/STM32L4xx_HAL_Driver/Src/stm32l4xx_hal_i2c.o
                0x08002de8                HAL_I2C_Mem_Write
 .text.HAL_I2C_Mem_Read
                0x08003010      0x234 ./Drivers/STM32L4xx_HAL_Driver/Src/stm32l4xx_hal_i2c.o
                0x08003010                HAL_I2C_Mem_Read
 .text.I2C_RequestMemoryWrite
                0x08003244       0xa8 ./Drivers/STM32L4xx_HAL_Driver/Src/stm32l4xx_hal_i2c.o
 .text.I2C_RequestMemoryRead
                0x080032ec       0xa8 ./Drivers/STM32L4xx_HAL_Driver/Src/stm32l4xx_hal_i2c.o
 .text.I2C_Flush_TXDR
                0x08003394       0x48 ./Drivers/STM32L4xx_HAL_Driver/Src/stm32l4xx_hal_i2c.o
 .text.I2C_WaitOnFlagUntilTimeout
                0x080033dc       0xb2 ./Drivers/STM32L4xx_HAL_Driver/Src/stm32l4xx_hal_i2c.o
 .text.I2C_WaitOnTXISFlagUntilTimeout
                0x0800348e       0x8e ./Drivers/STM32L4xx_HAL_Driver/Src/stm32l4xx_hal_i2c.o
 .text.I2C_WaitOnSTOPFlagUntilTimeout
                0x0800351c       0x86 ./Drivers/STM32L4xx_HAL_Driver/Src/stm32l4xx_hal_i2c.o
 *fill*         0x080035a2        0x2 
 .text.I2C_IsErrorOccurred
                0x080035a4      0x1c0 ./Drivers/STM32L4xx_HAL_Driver/Src/stm32l4xx_hal_i2c.o
 .text.I2C_TransferConfig
                0x08003764       0x64 ./Drivers/STM32L4xx_HAL_Driver/Src/stm32l4xx_hal_i2c.o
 .text.HAL_I2CEx_ConfigAnalogFilter
                0x080037c8       0x96 ./Drivers/STM32L4xx_HAL_Driver/Src/stm32l4xx_hal_i2c_ex.o
                0x080037c8                HAL_I2CEx_ConfigAnalogFilter
 .text.HAL_I2CEx_ConfigDigitalFilter
                0x0800385e       0x98 ./Drivers/STM32L4xx_HAL_Driver/Src/stm32l4xx_hal_i2c_ex.o
                0x0800385e                HAL_I2CEx_ConfigDigitalFilter
 *fill*         0x080038f6        0x2 
 .text.HAL_PWREx_GetVoltageRange
                0x080038f8       0x1c ./Drivers/STM32L4xx_HAL_Driver/Src/stm32l4xx_hal_pwr_ex.o
                0x080038f8                HAL_PWREx_GetVoltageRange
 .text.HAL_PWREx_ControlVoltageScaling
                0x08003914       0xac ./Drivers/STM32L4xx_HAL_Driver/Src/stm32l4xx_hal_pwr_ex.o
                0x08003914                HAL_PWREx_ControlVoltageScaling
 .text.HAL_RCC_OscConfig
                0x080039c0      0x7b8 ./Drivers/STM32L4xx_HAL_Driver/Src/stm32l4xx_hal_rcc.o
                0x080039c0                HAL_RCC_OscConfig
 .text.HAL_RCC_ClockConfig
                0x08004178      0x200 ./Drivers/STM32L4xx_HAL_Driver/Src/stm32l4xx_hal_rcc.o
                0x08004178                HAL_RCC_ClockConfig
 .text.HAL_RCC_GetSysClockFreq
                0x08004378      0x118 ./Drivers/STM32L4xx_HAL_Driver/Src/stm32l4xx_hal_rcc.o
                0x08004378                HAL_RCC_GetSysClockFreq
 .text.HAL_RCC_GetHCLKFreq
                0x08004490       0x18 ./Drivers/STM32L4xx_HAL_Driver/Src/stm32l4xx_hal_rcc.o
                0x08004490                HAL_RCC_GetHCLKFreq
 .text.HAL_RCC_GetPCLK1Freq
                0x080044a8       0x2c ./Drivers/STM32L4xx_HAL_Driver/Src/stm32l4xx_hal_rcc.o
                0x080044a8                HAL_RCC_GetPCLK1Freq
 .text.HAL_RCC_GetPCLK2Freq
                0x080044d4       0x2c ./Drivers/STM32L4xx_HAL_Driver/Src/stm32l4xx_hal_rcc.o
                0x080044d4                HAL_RCC_GetPCLK2Freq
 .text.HAL_RCC_GetClockConfig
                0x08004500       0x64 ./Drivers/STM32L4xx_HAL_Driver/Src/stm32l4xx_hal_rcc.o
                0x08004500                HAL_RCC_GetClockConfig
 .text.RCC_SetFlashLatencyFromMSIRange
                0x08004564       0xc0 ./Drivers/STM32L4xx_HAL_Driver/Src/stm32l4xx_hal_rcc.o
 .text.HAL_RCCEx_PeriphCLKConfig
                0x08004624      0x5d4 ./Drivers/STM32L4xx_HAL_Driver/Src/stm32l4xx_hal_rcc_ex.o
                0x08004624                HAL_RCCEx_PeriphCLKConfig
 .text.HAL_RCCEx_GetPeriphCLKFreq
                0x08004bf8      0xadc ./Drivers/STM32L4xx_HAL_Driver/Src/stm32l4xx_hal_rcc_ex.o
                0x08004bf8                HAL_RCCEx_GetPeriphCLKFreq
 .text.RCCEx_PLLSAI1_Config
                0x080056d4      0x1e8 ./Drivers/STM32L4xx_HAL_Driver/Src/stm32l4xx_hal_rcc_ex.o
 .text.RCCEx_PLLSAI2_Config
                0x080058bc      0x1bc ./Drivers/STM32L4xx_HAL_Driver/Src/stm32l4xx_hal_rcc_ex.o
 .text.RCCEx_GetSAIxPeriphCLKFreq
                0x08005a78      0x1e0 ./Drivers/STM32L4xx_HAL_Driver/Src/stm32l4xx_hal_rcc_ex.o
 .text.HAL_SAI_InitProtocol
                0x08005c58       0x62 ./Drivers/STM32L4xx_HAL_Driver/Src/stm32l4xx_hal_sai.o
                0x08005c58                HAL_SAI_InitProtocol
 *fill*         0x08005cba        0x2 
 .text.HAL_SAI_Init
                0x08005cbc      0x2e4 ./Drivers/STM32L4xx_HAL_Driver/Src/stm32l4xx_hal_sai.o
                0x08005cbc                HAL_SAI_Init
 .text.HAL_SAI_Transmit_DMA
                0x08005fa0      0x160 ./Drivers/STM32L4xx_HAL_Driver/Src/stm32l4xx_hal_sai.o
                0x08005fa0                HAL_SAI_Transmit_DMA
 .text.HAL_SAI_Receive_DMA
                0x08006100      0x11c ./Drivers/STM32L4xx_HAL_Driver/Src/stm32l4xx_hal_sai.o
                0x08006100                HAL_SAI_Receive_DMA
 .text.HAL_SAI_TxCpltCallback
                0x0800621c       0x14 ./Drivers/STM32L4xx_HAL_Driver/Src/stm32l4xx_hal_sai.o
                0x0800621c                HAL_SAI_TxCpltCallback
 .text.HAL_SAI_TxHalfCpltCallback
                0x08006230       0x14 ./Drivers/STM32L4xx_HAL_Driver/Src/stm32l4xx_hal_sai.o
                0x08006230                HAL_SAI_TxHalfCpltCallback
 .text.HAL_SAI_ErrorCallback
                0x08006244       0x14 ./Drivers/STM32L4xx_HAL_Driver/Src/stm32l4xx_hal_sai.o
                0x08006244                HAL_SAI_ErrorCallback
 .text.SAI_InitI2S
                0x08006258      0x164 ./Drivers/STM32L4xx_HAL_Driver/Src/stm32l4xx_hal_sai.o
 .text.SAI_InitPCM
                0x080063bc      0x104 ./Drivers/STM32L4xx_HAL_Driver/Src/stm32l4xx_hal_sai.o
 .text.SAI_InterruptFlag
                0x080064c0       0x6e ./Drivers/STM32L4xx_HAL_Driver/Src/stm32l4xx_hal_sai.o
 *fill*         0x0800652e        0x2 
 .text.SAI_Disable
                0x08006530       0x74 ./Drivers/STM32L4xx_HAL_Driver/Src/stm32l4xx_hal_sai.o
 .text.SAI_DMATxCplt
                0x080065a4       0x5e ./Drivers/STM32L4xx_HAL_Driver/Src/stm32l4xx_hal_sai.o
 .text.SAI_DMATxHalfCplt
                0x08006602       0x1c ./Drivers/STM32L4xx_HAL_Driver/Src/stm32l4xx_hal_sai.o
 .text.SAI_DMARxCplt
                0x0800661e       0x5e ./Drivers/STM32L4xx_HAL_Driver/Src/stm32l4xx_hal_sai.o
 .text.SAI_DMARxHalfCplt
                0x0800667c       0x1c ./Drivers/STM32L4xx_HAL_Driver/Src/stm32l4xx_hal_sai.o
 .text.SAI_DMAError
                0x08006698       0x52 ./Drivers/STM32L4xx_HAL_Driver/Src/stm32l4xx_hal_sai.o
 .text.HAL_SPI_Init
                0x080066ea      0x146 ./Drivers/STM32L4xx_HAL_Driver/Src/stm32l4xx_hal_spi.o
                0x080066ea                HAL_SPI_Init
 .text.HAL_SPI_Transmit
                0x08006830      0x2ec ./Drivers/STM32L4xx_HAL_Driver/Src/stm32l4xx_hal_spi.o
                0x08006830                HAL_SPI_Transmit
 .text.HAL_SPI_TransmitReceive
                0x08006b1c      0x43e ./Drivers/STM32L4xx_HAL_Driver/Src/stm32l4xx_hal_spi.o
                0x08006b1c                HAL_SPI_TransmitReceive
 *fill*         0x08006f5a        0x2 
 .text.SPI_WaitFlagStateUntilTimeout
                0x08006f5c      0x110 ./Drivers/STM32L4xx_HAL_Driver/Src/stm32l4xx_hal_spi.o
 .text.SPI_WaitFifoStateUntilTimeout
                0x0800706c      0x12c ./Drivers/STM32L4xx_HAL_Driver/Src/stm32l4xx_hal_spi.o
 .text.SPI_EndRxTxTransaction
                0x08007198       0x8c ./Drivers/STM32L4xx_HAL_Driver/Src/stm32l4xx_hal_spi.o
 .text.HAL_TIM_Base_Init
                0x08007224       0xae ./Drivers/STM32L4xx_HAL_Driver/Src/stm32l4xx_hal_tim.o
                0x08007224                HAL_TIM_Base_Init
 .text.HAL_TIM_Base_MspInit
                0x080072d2       0x14 ./Drivers/STM32L4xx_HAL_Driver/Src/stm32l4xx_hal_tim.o
                0x080072d2                HAL_TIM_Base_MspInit
 *fill*         0x080072e6        0x2 
 .text.HAL_TIM_Base_Start_IT
                0x080072e8       0xe0 ./Drivers/STM32L4xx_HAL_Driver/Src/stm32l4xx_hal_tim.o
                0x080072e8                HAL_TIM_Base_Start_IT
 .text.HAL_TIM_IRQHandler
                0x080073c8      0x20e ./Drivers/STM32L4xx_HAL_Driver/Src/stm32l4xx_hal_tim.o
                0x080073c8                HAL_TIM_IRQHandler
 .text.HAL_TIM_OC_DelayElapsedCallback
                0x080075d6       0x14 ./Drivers/STM32L4xx_HAL_Driver/Src/stm32l4xx_hal_tim.o
                0x080075d6                HAL_TIM_OC_DelayElapsedCallback
 .text.HAL_TIM_IC_CaptureCallback
                0x080075ea       0x14 ./Drivers/STM32L4xx_HAL_Driver/Src/stm32l4xx_hal_tim.o
                0x080075ea                HAL_TIM_IC_CaptureCallback
 .text.HAL_TIM_PWM_PulseFinishedCallback
                0x080075fe       0x14 ./Drivers/STM32L4xx_HAL_Driver/Src/stm32l4xx_hal_tim.o
                0x080075fe                HAL_TIM_PWM_PulseFinishedCallback
 .text.HAL_TIM_TriggerCallback
                0x08007612       0x14 ./Drivers/STM32L4xx_HAL_Driver/Src/stm32l4xx_hal_tim.o
                0x08007612                HAL_TIM_TriggerCallback
 *fill*         0x08007626        0x2 
 .text.TIM_Base_SetConfig
                0x08007628      0x14c ./Drivers/STM32L4xx_HAL_Driver/Src/stm32l4xx_hal_tim.o
                0x08007628                TIM_Base_SetConfig
 .text.HAL_TIMEx_CommutCallback
                0x08007774       0x14 ./Drivers/STM32L4xx_HAL_Driver/Src/stm32l4xx_hal_tim_ex.o
                0x08007774                HAL_TIMEx_CommutCallback
 .text.HAL_TIMEx_BreakCallback
                0x08007788       0x14 ./Drivers/STM32L4xx_HAL_Driver/Src/stm32l4xx_hal_tim_ex.o
                0x08007788                HAL_TIMEx_BreakCallback
 .text.HAL_TIMEx_Break2Callback
                0x0800779c       0x14 ./Drivers/STM32L4xx_HAL_Driver/Src/stm32l4xx_hal_tim_ex.o
                0x0800779c                HAL_TIMEx_Break2Callback
 .text.HAL_UART_Init
                0x080077b0       0x9c ./Drivers/STM32L4xx_HAL_Driver/Src/stm32l4xx_hal_uart.o
                0x080077b0                HAL_UART_Init
 .text.HAL_UART_Transmit
                0x0800784c      0x112 ./Drivers/STM32L4xx_HAL_Driver/Src/stm32l4xx_hal_uart.o
                0x0800784c                HAL_UART_Transmit
 *fill*         0x0800795e        0x2 
 .text.HAL_UART_Receive_IT
                0x08007960       0x98 ./Drivers/STM32L4xx_HAL_Driver/Src/stm32l4xx_hal_uart.o
                0x08007960                HAL_UART_Receive_IT
 .text.HAL_UART_IRQHandler
                0x080079f8      0x60c ./Drivers/STM32L4xx_HAL_Driver/Src/stm32l4xx_hal_uart.o
                0x080079f8                HAL_UART_IRQHandler
 .text.HAL_UART_TxCpltCallback
                0x08008004       0x14 ./Drivers/STM32L4xx_HAL_Driver/Src/stm32l4xx_hal_uart.o
                0x08008004                HAL_UART_TxCpltCallback
 .text.HAL_UART_ErrorCallback
                0x08008018       0x14 ./Drivers/STM32L4xx_HAL_Driver/Src/stm32l4xx_hal_uart.o
                0x08008018                HAL_UART_ErrorCallback
 .text.HAL_UARTEx_RxEventCallback
                0x0800802c       0x18 ./Drivers/STM32L4xx_HAL_Driver/Src/stm32l4xx_hal_uart.o
                0x0800802c                HAL_UARTEx_RxEventCallback
 .text.UART_SetConfig
                0x08008044      0x570 ./Drivers/STM32L4xx_HAL_Driver/Src/stm32l4xx_hal_uart.o
                0x08008044                UART_SetConfig
 .text.UART_AdvFeatureConfig
                0x080085b4      0x144 ./Drivers/STM32L4xx_HAL_Driver/Src/stm32l4xx_hal_uart.o
                0x080085b4                UART_AdvFeatureConfig
 .text.UART_CheckIdleState
                0x080086f8      0x150 ./Drivers/STM32L4xx_HAL_Driver/Src/stm32l4xx_hal_uart.o
                0x080086f8                UART_CheckIdleState
 .text.UART_WaitOnFlagUntilTimeout
                0x08008848       0xda ./Drivers/STM32L4xx_HAL_Driver/Src/stm32l4xx_hal_uart.o
                0x08008848                UART_WaitOnFlagUntilTimeout
 *fill*         0x08008922        0x2 
 .text.UART_Start_Receive_IT
                0x08008924      0x18c ./Drivers/STM32L4xx_HAL_Driver/Src/stm32l4xx_hal_uart.o
                0x08008924                UART_Start_Receive_IT
 .text.UART_EndRxTransfer
                0x08008ab0       0xc8 ./Drivers/STM32L4xx_HAL_Driver/Src/stm32l4xx_hal_uart.o
 .text.UART_DMAAbortOnError
                0x08008b78       0x2c ./Drivers/STM32L4xx_HAL_Driver/Src/stm32l4xx_hal_uart.o
 .text.UART_EndTransmit_IT
                0x08008ba4       0x54 ./Drivers/STM32L4xx_HAL_Driver/Src/stm32l4xx_hal_uart.o
 .text.UART_RxISR_8BIT
                0x08008bf8      0x1bc ./Drivers/STM32L4xx_HAL_Driver/Src/stm32l4xx_hal_uart.o
 .text.UART_RxISR_16BIT
                0x08008db4      0x1bc ./Drivers/STM32L4xx_HAL_Driver/Src/stm32l4xx_hal_uart.o
 .text.HAL_UARTEx_WakeupCallback
                0x08008f70       0x14 ./Drivers/STM32L4xx_HAL_Driver/Src/stm32l4xx_hal_uart_ex.o
                0x08008f70                HAL_UARTEx_WakeupCallback
 .text.makeFreeRtosPriority
                0x08008f84       0x30 ./Middlewares/Third_Party/FreeRTOS/Source/CMSIS_RTOS/cmsis_os.o
 .text.osKernelStart
                0x08008fb4        0xe ./Middlewares/Third_Party/FreeRTOS/Source/CMSIS_RTOS/cmsis_os.o
                0x08008fb4                osKernelStart
 .text.osThreadCreate
                0x08008fc2       0x98 ./Middlewares/Third_Party/FreeRTOS/Source/CMSIS_RTOS/cmsis_os.o
                0x08008fc2                osThreadCreate
 .text.osDelay  0x0800905a       0x28 ./Middlewares/Third_Party/FreeRTOS/Source/CMSIS_RTOS/cmsis_os.o
                0x0800905a                osDelay
 .text.vListInitialise
                0x08009082       0x40 ./Middlewares/Third_Party/FreeRTOS/Source/list.o
                0x08009082                vListInitialise
 .text.vListInitialiseItem
                0x080090c2       0x1a ./Middlewares/Third_Party/FreeRTOS/Source/list.o
                0x080090c2                vListInitialiseItem
 .text.vListInsertEnd
                0x080090dc       0x48 ./Middlewares/Third_Party/FreeRTOS/Source/list.o
                0x080090dc                vListInsertEnd
 .text.vListInsert
                0x08009124       0x72 ./Middlewares/Third_Party/FreeRTOS/Source/list.o
                0x08009124                vListInsert
 .text.uxListRemove
                0x08009196       0x54 ./Middlewares/Third_Party/FreeRTOS/Source/list.o
                0x08009196                uxListRemove
 *fill*         0x080091ea        0x2 
 .text.xQueueGenericReset
                0x080091ec       0xd4 ./Middlewares/Third_Party/FreeRTOS/Source/queue.o
                0x080091ec                xQueueGenericReset
 .text.xQueueGenericCreate
                0x080092c0       0x76 ./Middlewares/Third_Party/FreeRTOS/Source/queue.o
                0x080092c0                xQueueGenericCreate
 .text.prvInitialiseNewQueue
                0x08009336       0x3e ./Middlewares/Third_Party/FreeRTOS/Source/queue.o
 .text.xQueueGenericSendFromISR
                0x08009374      0x13c ./Middlewares/Third_Party/FreeRTOS/Source/queue.o
                0x08009374                xQueueGenericSendFromISR
 .text.xQueueReceive
                0x080094b0      0x1c4 ./Middlewares/Third_Party/FreeRTOS/Source/queue.o
                0x080094b0                xQueueReceive
 .text.prvCopyDataToQueue
                0x08009674       0xd4 ./Middlewares/Third_Party/FreeRTOS/Source/queue.o
 .text.prvCopyDataFromQueue
                0x08009748       0x4c ./Middlewares/Third_Party/FreeRTOS/Source/queue.o
 .text.prvUnlockQueue
                0x08009794       0xa4 ./Middlewares/Third_Party/FreeRTOS/Source/queue.o
 .text.prvIsQueueEmpty
                0x08009838       0x2c ./Middlewares/Third_Party/FreeRTOS/Source/queue.o
 .text.xTaskCreateStatic
                0x08009864       0xc0 ./Middlewares/Third_Party/FreeRTOS/Source/tasks.o
                0x08009864                xTaskCreateStatic
 .text.xTaskCreate
                0x08009924       0x8a ./Middlewares/Third_Party/FreeRTOS/Source/tasks.o
                0x08009924                xTaskCreate
 *fill*         0x080099ae        0x2 
 .text.prvInitialiseNewTask
                0x080099b0      0x140 ./Middlewares/Third_Party/FreeRTOS/Source/tasks.o
 .text.prvAddNewTaskToReadyList
                0x08009af0       0xd4 ./Middlewares/Third_Party/FreeRTOS/Source/tasks.o
 .text.vTaskDelay
                0x08009bc4       0x6c ./Middlewares/Third_Party/FreeRTOS/Source/tasks.o
                0x08009bc4                vTaskDelay
 .text.vTaskStartScheduler
                0x08009c30       0xd4 ./Middlewares/Third_Party/FreeRTOS/Source/tasks.o
                0x08009c30                vTaskStartScheduler
 .text.vTaskSuspendAll
                0x08009d04       0x1c ./Middlewares/Third_Party/FreeRTOS/Source/tasks.o
                0x08009d04                vTaskSuspendAll
 .text.xTaskResumeAll
                0x08009d20      0x13c ./Middlewares/Third_Party/FreeRTOS/Source/tasks.o
                0x08009d20                xTaskResumeAll
 .text.xTaskIncrementTick
                0x08009e5c      0x174 ./Middlewares/Third_Party/FreeRTOS/Source/tasks.o
                0x08009e5c                xTaskIncrementTick
 .text.vTaskSwitchContext
                0x08009fd0       0xc8 ./Middlewares/Third_Party/FreeRTOS/Source/tasks.o
                0x08009fd0                vTaskSwitchContext
 .text.vTaskPlaceOnEventList
                0x0800a098       0x4c ./Middlewares/Third_Party/FreeRTOS/Source/tasks.o
                0x0800a098                vTaskPlaceOnEventList
 .text.xTaskRemoveFromEventList
                0x0800a0e4       0xc8 ./Middlewares/Third_Party/FreeRTOS/Source/tasks.o
                0x0800a0e4                xTaskRemoveFromEventList
 .text.vTaskInternalSetTimeOutState
                0x0800a1ac       0x2c ./Middlewares/Third_Party/FreeRTOS/Source/tasks.o
                0x0800a1ac                vTaskInternalSetTimeOutState
 .text.xTaskCheckForTimeOut
                0x0800a1d8       0xc8 ./Middlewares/Third_Party/FreeRTOS/Source/tasks.o
                0x0800a1d8                xTaskCheckForTimeOut
 .text.vTaskMissedYield
                0x0800a2a0       0x18 ./Middlewares/Third_Party/FreeRTOS/Source/tasks.o
                0x0800a2a0                vTaskMissedYield
 .text.prvIdleTask
                0x0800a2b8       0x30 ./Middlewares/Third_Party/FreeRTOS/Source/tasks.o
 .text.prvInitialiseTaskLists
                0x0800a2e8       0x80 ./Middlewares/Third_Party/FreeRTOS/Source/tasks.o
 .text.prvCheckTasksWaitingTermination
                0x0800a368       0x5c ./Middlewares/Third_Party/FreeRTOS/Source/tasks.o
 .text.prvDeleteTCB
                0x0800a3c4       0x6a ./Middlewares/Third_Party/FreeRTOS/Source/tasks.o
 *fill*         0x0800a42e        0x2 
 .text.prvResetNextTaskUnblockTime
                0x0800a430       0x40 ./Middlewares/Third_Party/FreeRTOS/Source/tasks.o
 .text.xTaskGetSchedulerState
                0x0800a470       0x3c ./Middlewares/Third_Party/FreeRTOS/Source/tasks.o
                0x0800a470                xTaskGetSchedulerState
 .text.xTaskPriorityDisinherit
                0x0800a4ac      0x110 ./Middlewares/Third_Party/FreeRTOS/Source/tasks.o
                0x0800a4ac                xTaskPriorityDisinherit
 .text.prvAddCurrentTaskToDelayedList
                0x0800a5bc       0xcc ./Middlewares/Third_Party/FreeRTOS/Source/tasks.o
 .text.pxPortInitialiseStack
                0x0800a688       0x68 ./Middlewares/Third_Party/FreeRTOS/Source/portable/GCC/ARM_CM4F/port.o
                0x0800a688                pxPortInitialiseStack
 .text.prvTaskExitError
                0x0800a6f0       0x5c ./Middlewares/Third_Party/FreeRTOS/Source/portable/GCC/ARM_CM4F/port.o
 *fill*         0x0800a74c        0x4 
 .text.SVC_Handler
                0x0800a750       0x28 ./Middlewares/Third_Party/FreeRTOS/Source/portable/GCC/ARM_CM4F/port.o
                0x0800a750                SVC_Handler
 .text.prvPortStartFirstTask
                0x0800a778       0x28 ./Middlewares/Third_Party/FreeRTOS/Source/portable/GCC/ARM_CM4F/port.o
 .text.xPortStartScheduler
                0x0800a7a0      0x148 ./Middlewares/Third_Party/FreeRTOS/Source/portable/GCC/ARM_CM4F/port.o
                0x0800a7a0                xPortStartScheduler
 .text.vPortEnterCritical
                0x0800a8e8       0x64 ./Middlewares/Third_Party/FreeRTOS/Source/portable/GCC/ARM_CM4F/port.o
                0x0800a8e8                vPortEnterCritical
 .text.vPortExitCritical
                0x0800a94c       0x54 ./Middlewares/Third_Party/FreeRTOS/Source/portable/GCC/ARM_CM4F/port.o
                0x0800a94c                vPortExitCritical
 .text.PendSV_Handler
                0x0800a9a0       0x68 ./Middlewares/Third_Party/FreeRTOS/Source/portable/GCC/ARM_CM4F/port.o
                0x0800a9a0                PendSV_Handler
 .text.SysTick_Handler
                0x0800aa08       0x44 ./Middlewares/Third_Party/FreeRTOS/Source/portable/GCC/ARM_CM4F/port.o
                0x0800aa08                SysTick_Handler
 .text.vPortSetupTimerInterrupt
                0x0800aa4c       0x48 ./Middlewares/Third_Party/FreeRTOS/Source/portable/GCC/ARM_CM4F/port.o
                0x0800aa4c                vPortSetupTimerInterrupt
 .text.vPortEnableVFP
                0x0800aa94       0x14 ./Middlewares/Third_Party/FreeRTOS/Source/portable/GCC/ARM_CM4F/port.o
 .text.vPortValidateInterruptPriority
                0x0800aaa8       0x84 ./Middlewares/Third_Party/FreeRTOS/Source/portable/GCC/ARM_CM4F/port.o
                0x0800aaa8                vPortValidateInterruptPriority
 .text.pvPortMalloc
                0x0800ab2c      0x19c ./Middlewares/Third_Party/FreeRTOS/Source/portable/MemMang/heap_4.o
                0x0800ab2c                pvPortMalloc
 .text.vPortFree
                0x0800acc8       0xc8 ./Middlewares/Third_Party/FreeRTOS/Source/portable/MemMang/heap_4.o
                0x0800acc8                vPortFree
 .text.prvHeapInit
                0x0800ad90       0xc4 ./Middlewares/Third_Party/FreeRTOS/Source/portable/MemMang/heap_4.o
 .text.prvInsertBlockIntoFreeList
                0x0800ae54       0xb4 ./Middlewares/Third_Party/FreeRTOS/Source/portable/MemMang/heap_4.o
 .text.atoi     0x0800af08        0x8 C:/ST/STM32CubeIDE_1.19.0/STM32CubeIDE/plugins/com.st.stm32cube.ide.mcu.externaltools.gnu-tools-for-stm32.13.3.rel1.win32_1.0.0.202411081344/tools/bin/../lib/gcc/arm-none-eabi/13.3.1/../../../../arm-none-eabi/lib/thumb/v7e-m+fp/hard\libc_nano.a(libc_a-atoi.o)
                0x0800af08                atoi
 .text._strtol_l.isra.0
                0x0800af10       0xf4 C:/ST/STM32CubeIDE_1.19.0/STM32CubeIDE/plugins/com.st.stm32cube.ide.mcu.externaltools.gnu-tools-for-stm32.13.3.rel1.win32_1.0.0.202411081344/tools/bin/../lib/gcc/arm-none-eabi/13.3.1/../../../../arm-none-eabi/lib/thumb/v7e-m+fp/hard\libc_nano.a(libc_a-strtol.o)
 .text.strtol   0x0800b004       0x14 C:/ST/STM32CubeIDE_1.19.0/STM32CubeIDE/plugins/com.st.stm32cube.ide.mcu.externaltools.gnu-tools-for-stm32.13.3.rel1.win32_1.0.0.202411081344/tools/bin/../lib/gcc/arm-none-eabi/13.3.1/../../../../arm-none-eabi/lib/thumb/v7e-m+fp/hard\libc_nano.a(libc_a-strtol.o)
                0x0800b004                strtol
 .text.std      0x0800b018       0x6c C:/ST/STM32CubeIDE_1.19.0/STM32CubeIDE/plugins/com.st.stm32cube.ide.mcu.externaltools.gnu-tools-for-stm32.13.3.rel1.win32_1.0.0.202411081344/tools/bin/../lib/gcc/arm-none-eabi/13.3.1/../../../../arm-none-eabi/lib/thumb/v7e-m+fp/hard\libc_nano.a(libc_a-findfp.o)
 .text.stdio_exit_handler
                0x0800b084       0x18 C:/ST/STM32CubeIDE_1.19.0/STM32CubeIDE/plugins/com.st.stm32cube.ide.mcu.externaltools.gnu-tools-for-stm32.13.3.rel1.win32_1.0.0.202411081344/tools/bin/../lib/gcc/arm-none-eabi/13.3.1/../../../../arm-none-eabi/lib/thumb/v7e-m+fp/hard\libc_nano.a(libc_a-findfp.o)
 .text.cleanup_stdio
                0x0800b09c       0x40 C:/ST/STM32CubeIDE_1.19.0/STM32CubeIDE/plugins/com.st.stm32cube.ide.mcu.externaltools.gnu-tools-for-stm32.13.3.rel1.win32_1.0.0.202411081344/tools/bin/../lib/gcc/arm-none-eabi/13.3.1/../../../../arm-none-eabi/lib/thumb/v7e-m+fp/hard\libc_nano.a(libc_a-findfp.o)
 .text.global_stdio_init.part.0
                0x0800b0dc       0x3c C:/ST/STM32CubeIDE_1.19.0/STM32CubeIDE/plugins/com.st.stm32cube.ide.mcu.externaltools.gnu-tools-for-stm32.13.3.rel1.win32_1.0.0.202411081344/tools/bin/../lib/gcc/arm-none-eabi/13.3.1/../../../../arm-none-eabi/lib/thumb/v7e-m+fp/hard\libc_nano.a(libc_a-findfp.o)
 .text.__sfp_lock_acquire
                0x0800b118        0xc C:/ST/STM32CubeIDE_1.19.0/STM32CubeIDE/plugins/com.st.stm32cube.ide.mcu.externaltools.gnu-tools-for-stm32.13.3.rel1.win32_1.0.0.202411081344/tools/bin/../lib/gcc/arm-none-eabi/13.3.1/../../../../arm-none-eabi/lib/thumb/v7e-m+fp/hard\libc_nano.a(libc_a-findfp.o)
                0x0800b118                __sfp_lock_acquire
 .text.__sfp_lock_release
                0x0800b124        0xc C:/ST/STM32CubeIDE_1.19.0/STM32CubeIDE/plugins/com.st.stm32cube.ide.mcu.externaltools.gnu-tools-for-stm32.13.3.rel1.win32_1.0.0.202411081344/tools/bin/../lib/gcc/arm-none-eabi/13.3.1/../../../../arm-none-eabi/lib/thumb/v7e-m+fp/hard\libc_nano.a(libc_a-findfp.o)
                0x0800b124                __sfp_lock_release
 .text.__sinit  0x0800b130       0x30 C:/ST/STM32CubeIDE_1.19.0/STM32CubeIDE/plugins/com.st.stm32cube.ide.mcu.externaltools.gnu-tools-for-stm32.13.3.rel1.win32_1.0.0.202411081344/tools/bin/../lib/gcc/arm-none-eabi/13.3.1/../../../../arm-none-eabi/lib/thumb/v7e-m+fp/hard\libc_nano.a(libc_a-findfp.o)
                0x0800b130                __sinit
 .text._fwalk_sglue
                0x0800b160       0x3c C:/ST/STM32CubeIDE_1.19.0/STM32CubeIDE/plugins/com.st.stm32cube.ide.mcu.externaltools.gnu-tools-for-stm32.13.3.rel1.win32_1.0.0.202411081344/tools/bin/../lib/gcc/arm-none-eabi/13.3.1/../../../../arm-none-eabi/lib/thumb/v7e-m+fp/hard\libc_nano.a(libc_a-fwalk.o)
                0x0800b160                _fwalk_sglue
 .text.printf   0x0800b19c       0x24 C:/ST/STM32CubeIDE_1.19.0/STM32CubeIDE/plugins/com.st.stm32cube.ide.mcu.externaltools.gnu-tools-for-stm32.13.3.rel1.win32_1.0.0.202411081344/tools/bin/../lib/gcc/arm-none-eabi/13.3.1/../../../../arm-none-eabi/lib/thumb/v7e-m+fp/hard\libc_nano.a(libc_a-printf.o)
                0x0800b19c                iprintf
                0x0800b19c                printf
 .text.snprintf
                0x0800b1c0       0x6c C:/ST/STM32CubeIDE_1.19.0/STM32CubeIDE/plugins/com.st.stm32cube.ide.mcu.externaltools.gnu-tools-for-stm32.13.3.rel1.win32_1.0.0.202411081344/tools/bin/../lib/gcc/arm-none-eabi/13.3.1/../../../../arm-none-eabi/lib/thumb/v7e-m+fp/hard\libc_nano.a(libc_a-snprintf.o)
                0x0800b1c0                sniprintf
                0x0800b1c0                snprintf
 .text.__sread  0x0800b22c       0x22 C:/ST/STM32CubeIDE_1.19.0/STM32CubeIDE/plugins/com.st.stm32cube.ide.mcu.externaltools.gnu-tools-for-stm32.13.3.rel1.win32_1.0.0.202411081344/tools/bin/../lib/gcc/arm-none-eabi/13.3.1/../../../../arm-none-eabi/lib/thumb/v7e-m+fp/hard\libc_nano.a(libc_a-stdio.o)
                0x0800b22c                __sread
 .text.__swrite
                0x0800b24e       0x38 C:/ST/STM32CubeIDE_1.19.0/STM32CubeIDE/plugins/com.st.stm32cube.ide.mcu.externaltools.gnu-tools-for-stm32.13.3.rel1.win32_1.0.0.202411081344/tools/bin/../lib/gcc/arm-none-eabi/13.3.1/../../../../arm-none-eabi/lib/thumb/v7e-m+fp/hard\libc_nano.a(libc_a-stdio.o)
                0x0800b24e                __swrite
 .text.__sseek  0x0800b286       0x24 C:/ST/STM32CubeIDE_1.19.0/STM32CubeIDE/plugins/com.st.stm32cube.ide.mcu.externaltools.gnu-tools-for-stm32.13.3.rel1.win32_1.0.0.202411081344/tools/bin/../lib/gcc/arm-none-eabi/13.3.1/../../../../arm-none-eabi/lib/thumb/v7e-m+fp/hard\libc_nano.a(libc_a-stdio.o)
                0x0800b286                __sseek
 .text.__sclose
                0x0800b2aa        0x8 C:/ST/STM32CubeIDE_1.19.0/STM32CubeIDE/plugins/com.st.stm32cube.ide.mcu.externaltools.gnu-tools-for-stm32.13.3.rel1.win32_1.0.0.202411081344/tools/bin/../lib/gcc/arm-none-eabi/13.3.1/../../../../arm-none-eabi/lib/thumb/v7e-m+fp/hard\libc_nano.a(libc_a-stdio.o)
                0x0800b2aa                __sclose
 .text.memset   0x0800b2b2       0x10 C:/ST/STM32CubeIDE_1.19.0/STM32CubeIDE/plugins/com.st.stm32cube.ide.mcu.externaltools.gnu-tools-for-stm32.13.3.rel1.win32_1.0.0.202411081344/tools/bin/../lib/gcc/arm-none-eabi/13.3.1/../../../../arm-none-eabi/lib/thumb/v7e-m+fp/hard\libc_nano.a(libc_a-memset.o)
                0x0800b2b2                memset
 *fill*         0x0800b2c2        0x2 
 .text._close_r
                0x0800b2c4       0x20 C:/ST/STM32CubeIDE_1.19.0/STM32CubeIDE/plugins/com.st.stm32cube.ide.mcu.externaltools.gnu-tools-for-stm32.13.3.rel1.win32_1.0.0.202411081344/tools/bin/../lib/gcc/arm-none-eabi/13.3.1/../../../../arm-none-eabi/lib/thumb/v7e-m+fp/hard\libc_nano.a(libc_a-closer.o)
                0x0800b2c4                _close_r
 .text._reclaim_reent
                0x0800b2e4       0xbc C:/ST/STM32CubeIDE_1.19.0/STM32CubeIDE/plugins/com.st.stm32cube.ide.mcu.externaltools.gnu-tools-for-stm32.13.3.rel1.win32_1.0.0.202411081344/tools/bin/../lib/gcc/arm-none-eabi/13.3.1/../../../../arm-none-eabi/lib/thumb/v7e-m+fp/hard\libc_nano.a(libc_a-reent.o)
                0x0800b2e4                _reclaim_reent
 .text._lseek_r
                0x0800b3a0       0x24 C:/ST/STM32CubeIDE_1.19.0/STM32CubeIDE/plugins/com.st.stm32cube.ide.mcu.externaltools.gnu-tools-for-stm32.13.3.rel1.win32_1.0.0.202411081344/tools/bin/../lib/gcc/arm-none-eabi/13.3.1/../../../../arm-none-eabi/lib/thumb/v7e-m+fp/hard\libc_nano.a(libc_a-lseekr.o)
                0x0800b3a0                _lseek_r
 .text._read_r  0x0800b3c4       0x24 C:/ST/STM32CubeIDE_1.19.0/STM32CubeIDE/plugins/com.st.stm32cube.ide.mcu.externaltools.gnu-tools-for-stm32.13.3.rel1.win32_1.0.0.202411081344/tools/bin/../lib/gcc/arm-none-eabi/13.3.1/../../../../arm-none-eabi/lib/thumb/v7e-m+fp/hard\libc_nano.a(libc_a-readr.o)
                0x0800b3c4                _read_r
 .text._write_r
                0x0800b3e8       0x24 C:/ST/STM32CubeIDE_1.19.0/STM32CubeIDE/plugins/com.st.stm32cube.ide.mcu.externaltools.gnu-tools-for-stm32.13.3.rel1.win32_1.0.0.202411081344/tools/bin/../lib/gcc/arm-none-eabi/13.3.1/../../../../arm-none-eabi/lib/thumb/v7e-m+fp/hard\libc_nano.a(libc_a-writer.o)
                0x0800b3e8                _write_r
 .text.__errno  0x0800b40c        0xc C:/ST/STM32CubeIDE_1.19.0/STM32CubeIDE/plugins/com.st.stm32cube.ide.mcu.externaltools.gnu-tools-for-stm32.13.3.rel1.win32_1.0.0.202411081344/tools/bin/../lib/gcc/arm-none-eabi/13.3.1/../../../../arm-none-eabi/lib/thumb/v7e-m+fp/hard\libc_nano.a(libc_a-errno.o)
                0x0800b40c                __errno
 .text.__libc_init_array
                0x0800b418       0x48 C:/ST/STM32CubeIDE_1.19.0/STM32CubeIDE/plugins/com.st.stm32cube.ide.mcu.externaltools.gnu-tools-for-stm32.13.3.rel1.win32_1.0.0.202411081344/tools/bin/../lib/gcc/arm-none-eabi/13.3.1/../../../../arm-none-eabi/lib/thumb/v7e-m+fp/hard\libc_nano.a(libc_a-init.o)
                0x0800b418                __libc_init_array
 .text.__retarget_lock_init_recursive
                0x0800b460        0x2 C:/ST/STM32CubeIDE_1.19.0/STM32CubeIDE/plugins/com.st.stm32cube.ide.mcu.externaltools.gnu-tools-for-stm32.13.3.rel1.win32_1.0.0.202411081344/tools/bin/../lib/gcc/arm-none-eabi/13.3.1/../../../../arm-none-eabi/lib/thumb/v7e-m+fp/hard\libc_nano.a(libc_a-lock.o)
                0x0800b460                __retarget_lock_init_recursive
 .text.__retarget_lock_acquire_recursive
                0x0800b462        0x2 C:/ST/STM32CubeIDE_1.19.0/STM32CubeIDE/plugins/com.st.stm32cube.ide.mcu.externaltools.gnu-tools-for-stm32.13.3.rel1.win32_1.0.0.202411081344/tools/bin/../lib/gcc/arm-none-eabi/13.3.1/../../../../arm-none-eabi/lib/thumb/v7e-m+fp/hard\libc_nano.a(libc_a-lock.o)
                0x0800b462                __retarget_lock_acquire_recursive
 .text.__retarget_lock_release_recursive
                0x0800b464        0x2 C:/ST/STM32CubeIDE_1.19.0/STM32CubeIDE/plugins/com.st.stm32cube.ide.mcu.externaltools.gnu-tools-for-stm32.13.3.rel1.win32_1.0.0.202411081344/tools/bin/../lib/gcc/arm-none-eabi/13.3.1/../../../../arm-none-eabi/lib/thumb/v7e-m+fp/hard\libc_nano.a(libc_a-lock.o)
                0x0800b464                __retarget_lock_release_recursive
 .text.memcpy   0x0800b466       0x1c C:/ST/STM32CubeIDE_1.19.0/STM32CubeIDE/plugins/com.st.stm32cube.ide.mcu.externaltools.gnu-tools-for-stm32.13.3.rel1.win32_1.0.0.202411081344/tools/bin/../lib/gcc/arm-none-eabi/13.3.1/../../../../arm-none-eabi/lib/thumb/v7e-m+fp/hard\libc_nano.a(libc_a-memcpy-stub.o)
                0x0800b466                memcpy
 *fill*         0x0800b482        0x2 
 .text._free_r  0x0800b484       0x94 C:/ST/STM32CubeIDE_1.19.0/STM32CubeIDE/plugins/com.st.stm32cube.ide.mcu.externaltools.gnu-tools-for-stm32.13.3.rel1.win32_1.0.0.202411081344/tools/bin/../lib/gcc/arm-none-eabi/13.3.1/../../../../arm-none-eabi/lib/thumb/v7e-m+fp/hard\libc_nano.a(libc_a-freer.o)
                0x0800b484                _free_r
 .text.sbrk_aligned
                0x0800b518       0x44 C:/ST/STM32CubeIDE_1.19.0/STM32CubeIDE/plugins/com.st.stm32cube.ide.mcu.externaltools.gnu-tools-for-stm32.13.3.rel1.win32_1.0.0.202411081344/tools/bin/../lib/gcc/arm-none-eabi/13.3.1/../../../../arm-none-eabi/lib/thumb/v7e-m+fp/hard\libc_nano.a(libc_a-mallocr.o)
 .text._malloc_r
                0x0800b55c      0x100 C:/ST/STM32CubeIDE_1.19.0/STM32CubeIDE/plugins/com.st.stm32cube.ide.mcu.externaltools.gnu-tools-for-stm32.13.3.rel1.win32_1.0.0.202411081344/tools/bin/../lib/gcc/arm-none-eabi/13.3.1/../../../../arm-none-eabi/lib/thumb/v7e-m+fp/hard\libc_nano.a(libc_a-mallocr.o)
                0x0800b55c                _malloc_r
 .text.__malloc_lock
                0x0800b65c        0xc C:/ST/STM32CubeIDE_1.19.0/STM32CubeIDE/plugins/com.st.stm32cube.ide.mcu.externaltools.gnu-tools-for-stm32.13.3.rel1.win32_1.0.0.202411081344/tools/bin/../lib/gcc/arm-none-eabi/13.3.1/../../../../arm-none-eabi/lib/thumb/v7e-m+fp/hard\libc_nano.a(libc_a-mlock.o)
                0x0800b65c                __malloc_lock
 .text.__malloc_unlock
                0x0800b668        0xc C:/ST/STM32CubeIDE_1.19.0/STM32CubeIDE/plugins/com.st.stm32cube.ide.mcu.externaltools.gnu-tools-for-stm32.13.3.rel1.win32_1.0.0.202411081344/tools/bin/../lib/gcc/arm-none-eabi/13.3.1/../../../../arm-none-eabi/lib/thumb/v7e-m+fp/hard\libc_nano.a(libc_a-mlock.o)
                0x0800b668                __malloc_unlock
 .text.__ssputs_r
                0x0800b674       0xb6 C:/ST/STM32CubeIDE_1.19.0/STM32CubeIDE/plugins/com.st.stm32cube.ide.mcu.externaltools.gnu-tools-for-stm32.13.3.rel1.win32_1.0.0.202411081344/tools/bin/../lib/gcc/arm-none-eabi/13.3.1/../../../../arm-none-eabi/lib/thumb/v7e-m+fp/hard\libc_nano.a(libc_a-nano-svfprintf.o)
                0x0800b674                __ssputs_r
 *fill*         0x0800b72a        0x2 
 .text._svfprintf_r
                0x0800b72c      0x1f8 C:/ST/STM32CubeIDE_1.19.0/STM32CubeIDE/plugins/com.st.stm32cube.ide.mcu.externaltools.gnu-tools-for-stm32.13.3.rel1.win32_1.0.0.202411081344/tools/bin/../lib/gcc/arm-none-eabi/13.3.1/../../../../arm-none-eabi/lib/thumb/v7e-m+fp/hard\libc_nano.a(libc_a-nano-svfprintf.o)
                0x0800b72c                _svfiprintf_r
                0x0800b72c                _svfprintf_r
 .text.__sfputc_r
                0x0800b924       0x2e C:/ST/STM32CubeIDE_1.19.0/STM32CubeIDE/plugins/com.st.stm32cube.ide.mcu.externaltools.gnu-tools-for-stm32.13.3.rel1.win32_1.0.0.202411081344/tools/bin/../lib/gcc/arm-none-eabi/13.3.1/../../../../arm-none-eabi/lib/thumb/v7e-m+fp/hard\libc_nano.a(libc_a-nano-vfprintf.o)
 .text.__sfputs_r
                0x0800b952       0x24 C:/ST/STM32CubeIDE_1.19.0/STM32CubeIDE/plugins/com.st.stm32cube.ide.mcu.externaltools.gnu-tools-for-stm32.13.3.rel1.win32_1.0.0.202411081344/tools/bin/../lib/gcc/arm-none-eabi/13.3.1/../../../../arm-none-eabi/lib/thumb/v7e-m+fp/hard\libc_nano.a(libc_a-nano-vfprintf.o)
                0x0800b952                __sfputs_r
 *fill*         0x0800b976        0x2 
 .text._vfprintf_r
                0x0800b978      0x230 C:/ST/STM32CubeIDE_1.19.0/STM32CubeIDE/plugins/com.st.stm32cube.ide.mcu.externaltools.gnu-tools-for-stm32.13.3.rel1.win32_1.0.0.202411081344/tools/bin/../lib/gcc/arm-none-eabi/13.3.1/../../../../arm-none-eabi/lib/thumb/v7e-m+fp/hard\libc_nano.a(libc_a-nano-vfprintf.o)
                0x0800b978                _vfprintf_r
                0x0800b978                _vfiprintf_r
 .text._printf_common
                0x0800bba8       0xda C:/ST/STM32CubeIDE_1.19.0/STM32CubeIDE/plugins/com.st.stm32cube.ide.mcu.externaltools.gnu-tools-for-stm32.13.3.rel1.win32_1.0.0.202411081344/tools/bin/../lib/gcc/arm-none-eabi/13.3.1/../../../../arm-none-eabi/lib/thumb/v7e-m+fp/hard\libc_nano.a(libc_a-nano-vfprintf_i.o)
                0x0800bba8                _printf_common
 *fill*         0x0800bc82        0x2 
 .text._printf_i
                0x0800bc84      0x23c C:/ST/STM32CubeIDE_1.19.0/STM32CubeIDE/plugins/com.st.stm32cube.ide.mcu.externaltools.gnu-tools-for-stm32.13.3.rel1.win32_1.0.0.202411081344/tools/bin/../lib/gcc/arm-none-eabi/13.3.1/../../../../arm-none-eabi/lib/thumb/v7e-m+fp/hard\libc_nano.a(libc_a-nano-vfprintf_i.o)
                0x0800bc84                _printf_i
 .text.__sflush_r
                0x0800bec0      0x108 C:/ST/STM32CubeIDE_1.19.0/STM32CubeIDE/plugins/com.st.stm32cube.ide.mcu.externaltools.gnu-tools-for-stm32.13.3.rel1.win32_1.0.0.202411081344/tools/bin/../lib/gcc/arm-none-eabi/13.3.1/../../../../arm-none-eabi/lib/thumb/v7e-m+fp/hard\libc_nano.a(libc_a-fflush.o)
                0x0800bec0                __sflush_r
 .text._fflush_r
                0x0800bfc8       0x50 C:/ST/STM32CubeIDE_1.19.0/STM32CubeIDE/plugins/com.st.stm32cube.ide.mcu.externaltools.gnu-tools-for-stm32.13.3.rel1.win32_1.0.0.202411081344/tools/bin/../lib/gcc/arm-none-eabi/13.3.1/../../../../arm-none-eabi/lib/thumb/v7e-m+fp/hard\libc_nano.a(libc_a-fflush.o)
                0x0800bfc8                _fflush_r
 .text.__swbuf_r
                0x0800c018       0x7c C:/ST/STM32CubeIDE_1.19.0/STM32CubeIDE/plugins/com.st.stm32cube.ide.mcu.externaltools.gnu-tools-for-stm32.13.3.rel1.win32_1.0.0.202411081344/tools/bin/../lib/gcc/arm-none-eabi/13.3.1/../../../../arm-none-eabi/lib/thumb/v7e-m+fp/hard\libc_nano.a(libc_a-wbuf.o)
                0x0800c018                __swbuf_r
 .text.__swsetup_r
                0x0800c094       0xac C:/ST/STM32CubeIDE_1.19.0/STM32CubeIDE/plugins/com.st.stm32cube.ide.mcu.externaltools.gnu-tools-for-stm32.13.3.rel1.win32_1.0.0.202411081344/tools/bin/../lib/gcc/arm-none-eabi/13.3.1/../../../../arm-none-eabi/lib/thumb/v7e-m+fp/hard\libc_nano.a(libc_a-wsetup.o)
                0x0800c094                __swsetup_r
 .text.memmove  0x0800c140       0x34 C:/ST/STM32CubeIDE_1.19.0/STM32CubeIDE/plugins/com.st.stm32cube.ide.mcu.externaltools.gnu-tools-for-stm32.13.3.rel1.win32_1.0.0.202411081344/tools/bin/../lib/gcc/arm-none-eabi/13.3.1/../../../../arm-none-eabi/lib/thumb/v7e-m+fp/hard\libc_nano.a(libc_a-memmove.o)
                0x0800c140                memmove
 .text._sbrk_r  0x0800c174       0x20 C:/ST/STM32CubeIDE_1.19.0/STM32CubeIDE/plugins/com.st.stm32cube.ide.mcu.externaltools.gnu-tools-for-stm32.13.3.rel1.win32_1.0.0.202411081344/tools/bin/../lib/gcc/arm-none-eabi/13.3.1/../../../../arm-none-eabi/lib/thumb/v7e-m+fp/hard\libc_nano.a(libc_a-sbrkr.o)
                0x0800c174                _sbrk_r
 .text._realloc_r
                0x0800c194       0x5c C:/ST/STM32CubeIDE_1.19.0/STM32CubeIDE/plugins/com.st.stm32cube.ide.mcu.externaltools.gnu-tools-for-stm32.13.3.rel1.win32_1.0.0.202411081344/tools/bin/../lib/gcc/arm-none-eabi/13.3.1/../../../../arm-none-eabi/lib/thumb/v7e-m+fp/hard\libc_nano.a(libc_a-reallocr.o)
                0x0800c194                _realloc_r
 .text.__swhatbuf_r
                0x0800c1f0       0x4c C:/ST/STM32CubeIDE_1.19.0/STM32CubeIDE/plugins/com.st.stm32cube.ide.mcu.externaltools.gnu-tools-for-stm32.13.3.rel1.win32_1.0.0.202411081344/tools/bin/../lib/gcc/arm-none-eabi/13.3.1/../../../../arm-none-eabi/lib/thumb/v7e-m+fp/hard\libc_nano.a(libc_a-makebuf.o)
                0x0800c1f0                __swhatbuf_r
 .text.__smakebuf_r
                0x0800c23c       0x78 C:/ST/STM32CubeIDE_1.19.0/STM32CubeIDE/plugins/com.st.stm32cube.ide.mcu.externaltools.gnu-tools-for-stm32.13.3.rel1.win32_1.0.0.202411081344/tools/bin/../lib/gcc/arm-none-eabi/13.3.1/../../../../arm-none-eabi/lib/thumb/v7e-m+fp/hard\libc_nano.a(libc_a-makebuf.o)
                0x0800c23c                __smakebuf_r
 .text._fstat_r
                0x0800c2b4       0x24 C:/ST/STM32CubeIDE_1.19.0/STM32CubeIDE/plugins/com.st.stm32cube.ide.mcu.externaltools.gnu-tools-for-stm32.13.3.rel1.win32_1.0.0.202411081344/tools/bin/../lib/gcc/arm-none-eabi/13.3.1/../../../../arm-none-eabi/lib/thumb/v7e-m+fp/hard\libc_nano.a(libc_a-fstatr.o)
                0x0800c2b4                _fstat_r
 .text._isatty_r
                0x0800c2d8       0x20 C:/ST/STM32CubeIDE_1.19.0/STM32CubeIDE/plugins/com.st.stm32cube.ide.mcu.externaltools.gnu-tools-for-stm32.13.3.rel1.win32_1.0.0.202411081344/tools/bin/../lib/gcc/arm-none-eabi/13.3.1/../../../../arm-none-eabi/lib/thumb/v7e-m+fp/hard\libc_nano.a(libc_a-isattyr.o)
                0x0800c2d8                _isatty_r
 .text._malloc_usable_size_r
                0x0800c2f8       0x10 C:/ST/STM32CubeIDE_1.19.0/STM32CubeIDE/plugins/com.st.stm32cube.ide.mcu.externaltools.gnu-tools-for-stm32.13.3.rel1.win32_1.0.0.202411081344/tools/bin/../lib/gcc/arm-none-eabi/13.3.1/../../../../arm-none-eabi/lib/thumb/v7e-m+fp/hard\libc_nano.a(libc_a-msizer.o)
                0x0800c2f8                _malloc_usable_size_r
 .text.sqrtf    0x0800c308       0x3c C:/ST/STM32CubeIDE_1.19.0/STM32CubeIDE/plugins/com.st.stm32cube.ide.mcu.externaltools.gnu-tools-for-stm32.13.3.rel1.win32_1.0.0.202411081344/tools/bin/../lib/gcc/arm-none-eabi/13.3.1/../../../../arm-none-eabi/lib/thumb/v7e-m+fp/hard\libm.a(libm_a-wf_sqrt.o)
                0x0800c308                sqrtf
 .text.__ieee754_sqrtf
                0x0800c344        0x6 C:/ST/STM32CubeIDE_1.19.0/STM32CubeIDE/plugins/com.st.stm32cube.ide.mcu.externaltools.gnu-tools-for-stm32.13.3.rel1.win32_1.0.0.202411081344/tools/bin/../lib/gcc/arm-none-eabi/13.3.1/../../../../arm-none-eabi/lib/thumb/v7e-m+fp/hard\libm.a(libm_a-ef_sqrt.o)
                0x0800c344                __ieee754_sqrtf
 *(.glue_7)
 .glue_7        0x0800c34a        0x0 linker stubs
 *(.glue_7t)
 .glue_7t       0x0800c34a        0x0 linker stubs
 *(.eh_frame)
 *fill*         0x0800c34a        0x2 
 .eh_frame      0x0800c34c        0x0 C:/ST/STM32CubeIDE_1.19.0/STM32CubeIDE/plugins/com.st.stm32cube.ide.mcu.externaltools.gnu-tools-for-stm32.13.3.rel1.win32_1.0.0.202411081344/tools/bin/../lib/gcc/arm-none-eabi/13.3.1/thumb/v7e-m+fp/hard/crtbegin.o
 *(.init)
 .init          0x0800c34c        0x4 C:/ST/STM32CubeIDE_1.19.0/STM32CubeIDE/plugins/com.st.stm32cube.ide.mcu.externaltools.gnu-tools-for-stm32.13.3.rel1.win32_1.0.0.202411081344/tools/bin/../lib/gcc/arm-none-eabi/13.3.1/thumb/v7e-m+fp/hard/crti.o
                0x0800c34c                _init
 .init          0x0800c350        0x8 C:/ST/STM32CubeIDE_1.19.0/STM32CubeIDE/plugins/com.st.stm32cube.ide.mcu.externaltools.gnu-tools-for-stm32.13.3.rel1.win32_1.0.0.202411081344/tools/bin/../lib/gcc/arm-none-eabi/13.3.1/thumb/v7e-m+fp/hard/crtn.o
 *(.fini)
 .fini          0x0800c358        0x4 C:/ST/STM32CubeIDE_1.19.0/STM32CubeIDE/plugins/com.st.stm32cube.ide.mcu.externaltools.gnu-tools-for-stm32.13.3.rel1.win32_1.0.0.202411081344/tools/bin/../lib/gcc/arm-none-eabi/13.3.1/thumb/v7e-m+fp/hard/crti.o
                0x0800c358                _fini
 .fini          0x0800c35c        0x8 C:/ST/STM32CubeIDE_1.19.0/STM32CubeIDE/plugins/com.st.stm32cube.ide.mcu.externaltools.gnu-tools-for-stm32.13.3.rel1.win32_1.0.0.202411081344/tools/bin/../lib/gcc/arm-none-eabi/13.3.1/thumb/v7e-m+fp/hard/crtn.o
                0x0800c364                        . = ALIGN (0x4)
                0x0800c364                        _etext = .

.vfp11_veneer   0x0800c364        0x0
 .vfp11_veneer  0x0800c364        0x0 linker stubs

.v4_bx          0x0800c364        0x0
 .v4_bx         0x0800c364        0x0 linker stubs

.iplt           0x0800c364        0x0
 .iplt          0x0800c364        0x0 C:/ST/STM32CubeIDE_1.19.0/STM32CubeIDE/plugins/com.st.stm32cube.ide.mcu.externaltools.gnu-tools-for-stm32.13.3.rel1.win32_1.0.0.202411081344/tools/bin/../lib/gcc/arm-none-eabi/13.3.1/thumb/v7e-m+fp/hard/crtbegin.o

.rodata         0x0800c364      0x2fc
                0x0800c364                        . = ALIGN (0x4)
 *(.rodata)
 .rodata        0x0800c364       0xdc ./Core/Src/freertos.o
 .rodata        0x0800c440        0xe ./Core/Src/main.o
 *fill*         0x0800c44e        0x2 
 .rodata        0x0800c450       0x82 ./Core/Src/shell.o
 *fill*         0x0800c4d2        0x2 
 .rodata        0x0800c4d4        0x5 ./Middlewares/Third_Party/FreeRTOS/Source/tasks.o
 *(.rodata*)
 *fill*         0x0800c4d9        0x3 
 .rodata.backspace
                0x0800c4dc        0x4 ./Core/Src/shell.o
 .rodata.prompt
                0x0800c4e0        0x3 ./Core/Src/shell.o
 *fill*         0x0800c4e3        0x1 
 .rodata.AHBPrescTable
                0x0800c4e4       0x10 ./Core/Src/system_stm32l4xx.o
                0x0800c4e4                AHBPrescTable
 .rodata.APBPrescTable
                0x0800c4f4        0x8 ./Core/Src/system_stm32l4xx.o
                0x0800c4f4                APBPrescTable
 .rodata.MSIRangeTable
                0x0800c4fc       0x30 ./Core/Src/system_stm32l4xx.o
                0x0800c4fc                MSIRangeTable
 .rodata._ctype_
                0x0800c52c      0x101 C:/ST/STM32CubeIDE_1.19.0/STM32CubeIDE/plugins/com.st.stm32cube.ide.mcu.externaltools.gnu-tools-for-stm32.13.3.rel1.win32_1.0.0.202411081344/tools/bin/../lib/gcc/arm-none-eabi/13.3.1/../../../../arm-none-eabi/lib/thumb/v7e-m+fp/hard\libc_nano.a(libc_a-ctype_.o)
                0x0800c52c                _ctype_
 .rodata._svfprintf_r.str1.1
                0x0800c62d       0x33 C:/ST/STM32CubeIDE_1.19.0/STM32CubeIDE/plugins/com.st.stm32cube.ide.mcu.externaltools.gnu-tools-for-stm32.13.3.rel1.win32_1.0.0.202411081344/tools/bin/../lib/gcc/arm-none-eabi/13.3.1/../../../../arm-none-eabi/lib/thumb/v7e-m+fp/hard\libc_nano.a(libc_a-nano-svfprintf.o)
                                 0x11 (size before relaxing)
 .rodata._vfprintf_r.str1.1
                0x0800c660       0x11 C:/ST/STM32CubeIDE_1.19.0/STM32CubeIDE/plugins/com.st.stm32cube.ide.mcu.externaltools.gnu-tools-for-stm32.13.3.rel1.win32_1.0.0.202411081344/tools/bin/../lib/gcc/arm-none-eabi/13.3.1/../../../../arm-none-eabi/lib/thumb/v7e-m+fp/hard\libc_nano.a(libc_a-nano-vfprintf.o)
 .rodata._printf_i.str1.1
                0x0800c660       0x22 C:/ST/STM32CubeIDE_1.19.0/STM32CubeIDE/plugins/com.st.stm32cube.ide.mcu.externaltools.gnu-tools-for-stm32.13.3.rel1.win32_1.0.0.202411081344/tools/bin/../lib/gcc/arm-none-eabi/13.3.1/../../../../arm-none-eabi/lib/thumb/v7e-m+fp/hard\libc_nano.a(libc_a-nano-vfprintf_i.o)
                0x0800c684                        . = ALIGN (0x4)

.ARM.extab      0x0800c660        0x0
                0x0800c660                        . = ALIGN (0x4)
 *(.ARM.extab* .gnu.linkonce.armextab.*)
                0x0800c660                        . = ALIGN (0x4)

.ARM            0x0800c660        0x8
                0x0800c660                        . = ALIGN (0x4)
                0x0800c660                        __exidx_start = .
 *(.ARM.exidx*)
 .ARM.exidx     0x0800c660        0x8 C:/ST/STM32CubeIDE_1.19.0/STM32CubeIDE/plugins/com.st.stm32cube.ide.mcu.externaltools.gnu-tools-for-stm32.13.3.rel1.win32_1.0.0.202411081344/tools/bin/../lib/gcc/arm-none-eabi/13.3.1/../../../../arm-none-eabi/lib/thumb/v7e-m+fp/hard\libc_nano.a(libc_a-memchr.o)
 .ARM.exidx     0x0800c668        0x0 C:/ST/STM32CubeIDE_1.19.0/STM32CubeIDE/plugins/com.st.stm32cube.ide.mcu.externaltools.gnu-tools-for-stm32.13.3.rel1.win32_1.0.0.202411081344/tools/bin/../lib/gcc/arm-none-eabi/13.3.1/thumb/v7e-m+fp/hard\libgcc.a(_udivmoddi4.o)
                                  0x8 (size before relaxing)
                0x0800c668                        __exidx_end = .
                0x0800c668                        . = ALIGN (0x4)

.preinit_array  0x0800c668        0x0
                0x0800c668                        . = ALIGN (0x4)
                0x0800c668                        PROVIDE (__preinit_array_start = .)
 *(.preinit_array*)
                0x0800c668                        PROVIDE (__preinit_array_end = .)
                0x0800c668                        . = ALIGN (0x4)

.init_array     0x0800c668        0x4
                0x0800c668                        . = ALIGN (0x4)
                0x0800c668                        PROVIDE (__init_array_start = .)
 *(SORT_BY_NAME(.init_array.*))
 *(.init_array*)
 .init_array    0x0800c668        0x4 C:/ST/STM32CubeIDE_1.19.0/STM32CubeIDE/plugins/com.st.stm32cube.ide.mcu.externaltools.gnu-tools-for-stm32.13.3.rel1.win32_1.0.0.202411081344/tools/bin/../lib/gcc/arm-none-eabi/13.3.1/thumb/v7e-m+fp/hard/crtbegin.o
                0x0800c66c                        PROVIDE (__init_array_end = .)
                0x0800c66c                        . = ALIGN (0x4)

.fini_array     0x0800c66c        0x4
                0x0800c66c                        . = ALIGN (0x4)
                [!provide]                        PROVIDE (__fini_array_start = .)
 *(SORT_BY_NAME(.fini_array.*))
 *(.fini_array*)
 .fini_array    0x0800c66c        0x4 C:/ST/STM32CubeIDE_1.19.0/STM32CubeIDE/plugins/com.st.stm32cube.ide.mcu.externaltools.gnu-tools-for-stm32.13.3.rel1.win32_1.0.0.202411081344/tools/bin/../lib/gcc/arm-none-eabi/13.3.1/thumb/v7e-m+fp/hard/crtbegin.o
                [!provide]                        PROVIDE (__fini_array_end = .)
                0x0800c670                        . = ALIGN (0x4)
                0x0800c670                        _sidata = LOADADDR (.data)

.rel.dyn        0x0800c670        0x0
 .rel.iplt      0x0800c670        0x0 C:/ST/STM32CubeIDE_1.19.0/STM32CubeIDE/plugins/com.st.stm32cube.ide.mcu.externaltools.gnu-tools-for-stm32.13.3.rel1.win32_1.0.0.202411081344/tools/bin/../lib/gcc/arm-none-eabi/13.3.1/thumb/v7e-m+fp/hard/crtbegin.o

.data           0x20000000       0x6c load address 0x0800c670
                0x20000000                        . = ALIGN (0x4)
                0x20000000                        _sdata = .
 *(.data)
 *(.data*)
 .data.SystemCoreClock
                0x20000000        0x4 ./Core/Src/system_stm32l4xx.o
                0x20000000                SystemCoreClock
 .data.uwTickPrio
                0x20000004        0x4 ./Drivers/STM32L4xx_HAL_Driver/Src/stm32l4xx_hal.o
                0x20000004                uwTickPrio
 .data.uwTickFreq
                0x20000008        0x1 ./Drivers/STM32L4xx_HAL_Driver/Src/stm32l4xx_hal.o
                0x20000008                uwTickFreq
 *fill*         0x20000009        0x3 
 .data.uxCriticalNesting
                0x2000000c        0x4 ./Middlewares/Third_Party/FreeRTOS/Source/portable/GCC/ARM_CM4F/port.o
 .data.__sglue  0x20000010        0xc C:/ST/STM32CubeIDE_1.19.0/STM32CubeIDE/plugins/com.st.stm32cube.ide.mcu.externaltools.gnu-tools-for-stm32.13.3.rel1.win32_1.0.0.202411081344/tools/bin/../lib/gcc/arm-none-eabi/13.3.1/../../../../arm-none-eabi/lib/thumb/v7e-m+fp/hard\libc_nano.a(libc_a-findfp.o)
                0x20000010                __sglue
 .data._impure_ptr
                0x2000001c        0x4 C:/ST/STM32CubeIDE_1.19.0/STM32CubeIDE/plugins/com.st.stm32cube.ide.mcu.externaltools.gnu-tools-for-stm32.13.3.rel1.win32_1.0.0.202411081344/tools/bin/../lib/gcc/arm-none-eabi/13.3.1/../../../../arm-none-eabi/lib/thumb/v7e-m+fp/hard\libc_nano.a(libc_a-impure.o)
                0x2000001c                _impure_ptr
 .data._impure_data
                0x20000020       0x4c C:/ST/STM32CubeIDE_1.19.0/STM32CubeIDE/plugins/com.st.stm32cube.ide.mcu.externaltools.gnu-tools-for-stm32.13.3.rel1.win32_1.0.0.202411081344/tools/bin/../lib/gcc/arm-none-eabi/13.3.1/../../../../arm-none-eabi/lib/thumb/v7e-m+fp/hard\libc_nano.a(libc_a-impure.o)
                0x20000020                _impure_data
 *(.RamFunc)
 *(.RamFunc*)
                0x2000006c                        . = ALIGN (0x4)
                0x2000006c                        _edata = .

.igot.plt       0x2000006c        0x0 load address 0x0800c6dc
 .igot.plt      0x2000006c        0x0 C:/ST/STM32CubeIDE_1.19.0/STM32CubeIDE/plugins/com.st.stm32cube.ide.mcu.externaltools.gnu-tools-for-stm32.13.3.rel1.win32_1.0.0.202411081344/tools/bin/../lib/gcc/arm-none-eabi/13.3.1/thumb/v7e-m+fp/hard/crtbegin.o
                0x2000006c                        . = ALIGN (0x4)

.bss            0x2000006c     0x3498 load address 0x0800c6dc
                0x2000006c                        _sbss = .
                0x2000006c                        __bss_start__ = _sbss
 *(.bss)
 .bss           0x2000006c       0x1c C:/ST/STM32CubeIDE_1.19.0/STM32CubeIDE/plugins/com.st.stm32cube.ide.mcu.externaltools.gnu-tools-for-stm32.13.3.rel1.win32_1.0.0.202411081344/tools/bin/../lib/gcc/arm-none-eabi/13.3.1/thumb/v7e-m+fp/hard/crtbegin.o
 *(.bss*)
 .bss.uartRxQueue
                0x20000088        0x4 ./Core/Src/freertos.o
                0x20000088                uartRxQueue
 .bss.defaultTaskHandle
                0x2000008c        0x4 ./Core/Src/freertos.o
                0x2000008c                defaultTaskHandle
 .bss.SecondTaskHandle
                0x20000090        0x4 ./Core/Src/freertos.o
                0x20000090                SecondTaskHandle
 .bss.ShellTaskHandle
                0x20000094        0x4 ./Core/Src/freertos.o
                0x20000094                ShellTaskHandle
 .bss.xIdleTaskTCBBuffer
                0x20000098       0xa0 ./Core/Src/freertos.o
 .bss.xIdleStack
                0x20000138      0x200 ./Core/Src/freertos.o
 .bss.hi2c2     0x20000338       0x54 ./Core/Src/i2c.o
                0x20000338                hi2c2
 .bss.i2s_rx_buf
                0x2000038c       0x80 ./Core/Src/main.o
                0x2000038c                i2s_rx_buf
 .bss.i2s_tx_buf
                0x2000040c       0x80 ./Core/Src/main.o
                0x2000040c                i2s_tx_buf
 .bss.rx_half_flag
                0x2000048c        0x1 ./Core/Src/main.o
                0x2000048c                rx_half_flag
 .bss.rx_full_flag
                0x2000048d        0x1 ./Core/Src/main.o
                0x2000048d                rx_full_flag
 *fill*         0x2000048e        0x2 
 .bss.shellstruct
                0x20000490      0x3e8 ./Core/Src/main.o
                0x20000490                shellstruct
 .bss.hsai_BlockA2
                0x20000878       0x84 ./Core/Src/sai.o
                0x20000878                hsai_BlockA2
 .bss.hsai_BlockB2
                0x200008fc       0x84 ./Core/Src/sai.o
                0x200008fc                hsai_BlockB2
 .bss.hdma_sai2_a
                0x20000980       0x48 ./Core/Src/sai.o
                0x20000980                hdma_sai2_a
 .bss.hdma_sai2_b
                0x200009c8       0x48 ./Core/Src/sai.o
                0x200009c8                hdma_sai2_b
 .bss.SAI2_client
                0x20000a10        0x4 ./Core/Src/sai.o
 .bss.hspi3     0x20000a14       0x64 ./Core/Src/spi.o
                0x20000a14                hspi3
 .bss.htim1     0x20000a78       0x4c ./Core/Src/stm32l4xx_hal_timebase_tim.o
                0x20000a78                htim1
 .bss.__sbrk_heap_end
                0x20000ac4        0x4 ./Core/Src/sysmem.o
 .bss.huart2    0x20000ac8       0x88 ./Core/Src/usart.o
                0x20000ac8                huart2
 .bss.uwTick    0x20000b50        0x4 ./Drivers/STM32L4xx_HAL_Driver/Src/stm32l4xx_hal.o
                0x20000b50                uwTick
 .bss.pxCurrentTCB
                0x20000b54        0x4 ./Middlewares/Third_Party/FreeRTOS/Source/tasks.o
                0x20000b54                pxCurrentTCB
 .bss.pxReadyTasksLists
                0x20000b58       0x8c ./Middlewares/Third_Party/FreeRTOS/Source/tasks.o
 .bss.xDelayedTaskList1
                0x20000be4       0x14 ./Middlewares/Third_Party/FreeRTOS/Source/tasks.o
 .bss.xDelayedTaskList2
                0x20000bf8       0x14 ./Middlewares/Third_Party/FreeRTOS/Source/tasks.o
 .bss.pxDelayedTaskList
                0x20000c0c        0x4 ./Middlewares/Third_Party/FreeRTOS/Source/tasks.o
 .bss.pxOverflowDelayedTaskList
                0x20000c10        0x4 ./Middlewares/Third_Party/FreeRTOS/Source/tasks.o
 .bss.xPendingReadyList
                0x20000c14       0x14 ./Middlewares/Third_Party/FreeRTOS/Source/tasks.o
 .bss.xTasksWaitingTermination
                0x20000c28       0x14 ./Middlewares/Third_Party/FreeRTOS/Source/tasks.o
 .bss.uxDeletedTasksWaitingCleanUp
                0x20000c3c        0x4 ./Middlewares/Third_Party/FreeRTOS/Source/tasks.o
 .bss.xSuspendedTaskList
                0x20000c40       0x14 ./Middlewares/Third_Party/FreeRTOS/Source/tasks.o
 .bss.uxCurrentNumberOfTasks
                0x20000c54        0x4 ./Middlewares/Third_Party/FreeRTOS/Source/tasks.o
 .bss.xTickCount
                0x20000c58        0x4 ./Middlewares/Third_Party/FreeRTOS/Source/tasks.o
 .bss.uxTopReadyPriority
                0x20000c5c        0x4 ./Middlewares/Third_Party/FreeRTOS/Source/tasks.o
 .bss.xSchedulerRunning
                0x20000c60        0x4 ./Middlewares/Third_Party/FreeRTOS/Source/tasks.o
 .bss.xPendedTicks
                0x20000c64        0x4 ./Middlewares/Third_Party/FreeRTOS/Source/tasks.o
 .bss.xYieldPending
                0x20000c68        0x4 ./Middlewares/Third_Party/FreeRTOS/Source/tasks.o
 .bss.xNumOfOverflows
                0x20000c6c        0x4 ./Middlewares/Third_Party/FreeRTOS/Source/tasks.o
 .bss.uxTaskNumber
                0x20000c70        0x4 ./Middlewares/Third_Party/FreeRTOS/Source/tasks.o
 .bss.xNextTaskUnblockTime
                0x20000c74        0x4 ./Middlewares/Third_Party/FreeRTOS/Source/tasks.o
 .bss.xIdleTaskHandle
                0x20000c78        0x4 ./Middlewares/Third_Party/FreeRTOS/Source/tasks.o
 .bss.uxSchedulerSuspended
                0x20000c7c        0x4 ./Middlewares/Third_Party/FreeRTOS/Source/tasks.o
 .bss.ucMaxSysCallPriority
                0x20000c80        0x1 ./Middlewares/Third_Party/FreeRTOS/Source/portable/GCC/ARM_CM4F/port.o
 *fill*         0x20000c81        0x3 
 .bss.ulMaxPRIGROUPValue
                0x20000c84        0x4 ./Middlewares/Third_Party/FreeRTOS/Source/portable/GCC/ARM_CM4F/port.o
 .bss.ucHeap    0x20000c88     0x2710 ./Middlewares/Third_Party/FreeRTOS/Source/portable/MemMang/heap_4.o
 .bss.xStart    0x20003398        0x8 ./Middlewares/Third_Party/FreeRTOS/Source/portable/MemMang/heap_4.o
 .bss.pxEnd     0x200033a0        0x4 ./Middlewares/Third_Party/FreeRTOS/Source/portable/MemMang/heap_4.o
 .bss.xFreeBytesRemaining
                0x200033a4        0x4 ./Middlewares/Third_Party/FreeRTOS/Source/portable/MemMang/heap_4.o
 .bss.xMinimumEverFreeBytesRemaining
                0x200033a8        0x4 ./Middlewares/Third_Party/FreeRTOS/Source/portable/MemMang/heap_4.o
 .bss.xNumberOfSuccessfulAllocations
                0x200033ac        0x4 ./Middlewares/Third_Party/FreeRTOS/Source/portable/MemMang/heap_4.o
 .bss.xNumberOfSuccessfulFrees
                0x200033b0        0x4 ./Middlewares/Third_Party/FreeRTOS/Source/portable/MemMang/heap_4.o
 .bss.xBlockAllocatedBit
                0x200033b4        0x4 ./Middlewares/Third_Party/FreeRTOS/Source/portable/MemMang/heap_4.o
 .bss.__sf      0x200033b8      0x138 C:/ST/STM32CubeIDE_1.19.0/STM32CubeIDE/plugins/com.st.stm32cube.ide.mcu.externaltools.gnu-tools-for-stm32.13.3.rel1.win32_1.0.0.202411081344/tools/bin/../lib/gcc/arm-none-eabi/13.3.1/../../../../arm-none-eabi/lib/thumb/v7e-m+fp/hard\libc_nano.a(libc_a-findfp.o)
                0x200033b8                __sf
 .bss.__stdio_exit_handler
                0x200034f0        0x4 C:/ST/STM32CubeIDE_1.19.0/STM32CubeIDE/plugins/com.st.stm32cube.ide.mcu.externaltools.gnu-tools-for-stm32.13.3.rel1.win32_1.0.0.202411081344/tools/bin/../lib/gcc/arm-none-eabi/13.3.1/../../../../arm-none-eabi/lib/thumb/v7e-m+fp/hard\libc_nano.a(libc_a-findfp.o)
                0x200034f0                __stdio_exit_handler
 .bss.errno     0x200034f4        0x4 C:/ST/STM32CubeIDE_1.19.0/STM32CubeIDE/plugins/com.st.stm32cube.ide.mcu.externaltools.gnu-tools-for-stm32.13.3.rel1.win32_1.0.0.202411081344/tools/bin/../lib/gcc/arm-none-eabi/13.3.1/../../../../arm-none-eabi/lib/thumb/v7e-m+fp/hard\libc_nano.a(libc_a-reent.o)
                0x200034f4                errno
 .bss.__lock___malloc_recursive_mutex
                0x200034f8        0x1 C:/ST/STM32CubeIDE_1.19.0/STM32CubeIDE/plugins/com.st.stm32cube.ide.mcu.externaltools.gnu-tools-for-stm32.13.3.rel1.win32_1.0.0.202411081344/tools/bin/../lib/gcc/arm-none-eabi/13.3.1/../../../../arm-none-eabi/lib/thumb/v7e-m+fp/hard\libc_nano.a(libc_a-lock.o)
                0x200034f8                __lock___malloc_recursive_mutex
 .bss.__lock___sfp_recursive_mutex
                0x200034f9        0x1 C:/ST/STM32CubeIDE_1.19.0/STM32CubeIDE/plugins/com.st.stm32cube.ide.mcu.externaltools.gnu-tools-for-stm32.13.3.rel1.win32_1.0.0.202411081344/tools/bin/../lib/gcc/arm-none-eabi/13.3.1/../../../../arm-none-eabi/lib/thumb/v7e-m+fp/hard\libc_nano.a(libc_a-lock.o)
                0x200034f9                __lock___sfp_recursive_mutex
 *fill*         0x200034fa        0x2 
 .bss.__malloc_sbrk_start
                0x200034fc        0x4 C:/ST/STM32CubeIDE_1.19.0/STM32CubeIDE/plugins/com.st.stm32cube.ide.mcu.externaltools.gnu-tools-for-stm32.13.3.rel1.win32_1.0.0.202411081344/tools/bin/../lib/gcc/arm-none-eabi/13.3.1/../../../../arm-none-eabi/lib/thumb/v7e-m+fp/hard\libc_nano.a(libc_a-mallocr.o)
                0x200034fc                __malloc_sbrk_start
 .bss.__malloc_free_list
                0x20003500        0x4 C:/ST/STM32CubeIDE_1.19.0/STM32CubeIDE/plugins/com.st.stm32cube.ide.mcu.externaltools.gnu-tools-for-stm32.13.3.rel1.win32_1.0.0.202411081344/tools/bin/../lib/gcc/arm-none-eabi/13.3.1/../../../../arm-none-eabi/lib/thumb/v7e-m+fp/hard\libc_nano.a(libc_a-mallocr.o)
                0x20003500                __malloc_free_list
 *(COMMON)
                0x20003504                        . = ALIGN (0x4)
                0x20003504                        _ebss = .
                0x20003504                        __bss_end__ = _ebss

._user_heap_stack
                0x20003504      0x604 load address 0x0800c6dc
                0x20003508                        . = ALIGN (0x8)
 *fill*         0x20003504        0x4 
                [!provide]                        PROVIDE (end = .)
                0x20003508                        PROVIDE (_end = .)
                0x20003708                        . = (. + _Min_Heap_Size)
 *fill*         0x20003508      0x200 
                0x20003b08                        . = (. + _Min_Stack_Size)
 *fill*         0x20003708      0x400 
                0x20003b08                        . = ALIGN (0x8)

/DISCARD/
 libc.a(*)
 libm.a(*)
 libgcc.a(*)

.ARM.attributes
                0x00000000       0x30
 *(.ARM.attributes)
 .ARM.attributes
                0x00000000       0x22 C:/ST/STM32CubeIDE_1.19.0/STM32CubeIDE/plugins/com.st.stm32cube.ide.mcu.externaltools.gnu-tools-for-stm32.13.3.rel1.win32_1.0.0.202411081344/tools/bin/../lib/gcc/arm-none-eabi/13.3.1/thumb/v7e-m+fp/hard/crti.o
 .ARM.attributes
                0x00000022       0x34 C:/ST/STM32CubeIDE_1.19.0/STM32CubeIDE/plugins/com.st.stm32cube.ide.mcu.externaltools.gnu-tools-for-stm32.13.3.rel1.win32_1.0.0.202411081344/tools/bin/../lib/gcc/arm-none-eabi/13.3.1/thumb/v7e-m+fp/hard/crtbegin.o
 .ARM.attributes
                0x00000056       0x34 ./Core/Src/MCP23S17.o
 .ARM.attributes
                0x0000008a       0x34 ./Core/Src/dma.o
 .ARM.attributes
                0x000000be       0x34 ./Core/Src/freertos.o
 .ARM.attributes
                0x000000f2       0x34 ./Core/Src/gpio.o
 .ARM.attributes
                0x00000126       0x34 ./Core/Src/i2c.o
 .ARM.attributes
                0x0000015a       0x34 ./Core/Src/main.o
 .ARM.attributes
                0x0000018e       0x34 ./Core/Src/sai.o
 .ARM.attributes
                0x000001c2       0x34 ./Core/Src/sgtl5000.o
 .ARM.attributes
                0x000001f6       0x34 ./Core/Src/shell.o
 .ARM.attributes
                0x0000022a       0x34 ./Core/Src/spi.o
 .ARM.attributes
                0x0000025e       0x34 ./Core/Src/stm32l4xx_hal_msp.o
 .ARM.attributes
                0x00000292       0x34 ./Core/Src/stm32l4xx_hal_timebase_tim.o
 .ARM.attributes
                0x000002c6       0x34 ./Core/Src/stm32l4xx_it.o
 .ARM.attributes
                0x000002fa       0x34 ./Core/Src/syscalls.o
 .ARM.attributes
                0x0000032e       0x34 ./Core/Src/sysmem.o
 .ARM.attributes
                0x00000362       0x34 ./Core/Src/system_stm32l4xx.o
 .ARM.attributes
                0x00000396       0x34 ./Core/Src/usart.o
 .ARM.attributes
                0x000003ca       0x21 ./Core/Startup/startup_stm32l476rgtx.o
 .ARM.attributes
                0x000003eb       0x34 ./Drivers/STM32L4xx_HAL_Driver/Src/stm32l4xx_hal.o
 .ARM.attributes
                0x0000041f       0x34 ./Drivers/STM32L4xx_HAL_Driver/Src/stm32l4xx_hal_cortex.o
 .ARM.attributes
                0x00000453       0x34 ./Drivers/STM32L4xx_HAL_Driver/Src/stm32l4xx_hal_dma.o
 .ARM.attributes
                0x00000487       0x34 ./Drivers/STM32L4xx_HAL_Driver/Src/stm32l4xx_hal_gpio.o
 .ARM.attributes
                0x000004bb       0x34 ./Drivers/STM32L4xx_HAL_Driver/Src/stm32l4xx_hal_i2c.o
 .ARM.attributes
                0x000004ef       0x34 ./Drivers/STM32L4xx_HAL_Driver/Src/stm32l4xx_hal_i2c_ex.o
 .ARM.attributes
                0x00000523       0x34 ./Drivers/STM32L4xx_HAL_Driver/Src/stm32l4xx_hal_pwr_ex.o
 .ARM.attributes
                0x00000557       0x34 ./Drivers/STM32L4xx_HAL_Driver/Src/stm32l4xx_hal_rcc.o
 .ARM.attributes
                0x0000058b       0x34 ./Drivers/STM32L4xx_HAL_Driver/Src/stm32l4xx_hal_rcc_ex.o
 .ARM.attributes
                0x000005bf       0x34 ./Drivers/STM32L4xx_HAL_Driver/Src/stm32l4xx_hal_sai.o
 .ARM.attributes
                0x000005f3       0x34 ./Drivers/STM32L4xx_HAL_Driver/Src/stm32l4xx_hal_spi.o
 .ARM.attributes
                0x00000627       0x34 ./Drivers/STM32L4xx_HAL_Driver/Src/stm32l4xx_hal_tim.o
 .ARM.attributes
                0x0000065b       0x34 ./Drivers/STM32L4xx_HAL_Driver/Src/stm32l4xx_hal_tim_ex.o
 .ARM.attributes
                0x0000068f       0x34 ./Drivers/STM32L4xx_HAL_Driver/Src/stm32l4xx_hal_uart.o
 .ARM.attributes
                0x000006c3       0x34 ./Drivers/STM32L4xx_HAL_Driver/Src/stm32l4xx_hal_uart_ex.o
 .ARM.attributes
                0x000006f7       0x34 ./Middlewares/Third_Party/FreeRTOS/Source/CMSIS_RTOS/cmsis_os.o
 .ARM.attributes